The system is: Linux - 5.14.0-427.42.1.el9_4.x86_64 - x86_64
The system is: Linux - 5.14.0-427.42.1.el9_4.x86_64 - x86_64
Compiling the CXX compiler identification source file "CMakeCXXCompilerId.cpp" succeeded.
Compiler: /usr/local/pace-apps/spack/packages/linux-rhel9-x86_64_v3/gcc-11.3.1/gcc-12.3.0-ukkkutsxfl5kpnnaxflpkq2jtliwthfz/bin/c++ 
Build flags: -fvisibility-inlines-hidden;-fmessage-length=0;-march=nocona;-mtune=haswell;-ftree-vectorize;-fPIC;-fstack-protector-strong;-fno-plt;-O2;-ffunction-sections;-pipe;-isystem;/home/hice1/jyou79/.conda/envs/nest/include
Id flags:  

The output was:
0


Compilation of the CXX compiler identification source "CMakeCXXCompilerId.cpp" produced "a.out"

The CXX compiler identification is GNU, found in "/home/hice1/jyou79/CellTypeCircuit/code/custom_model/tmp/nestml-target/CMakeFiles/3.25.2/CompilerIdCXX/a.out"

Detecting CXX compiler ABI info compiled with the following output:
Change Dir: /home/hice1/jyou79/CellTypeCircuit/code/custom_model/tmp/nestml-target/CMakeFiles/CMakeScratch/TryCompile-1BnmFM

Run Build Command(s):/usr/bin/gmake -f Makefile cmTC_9eda5/fast && /usr/bin/gmake  -f CMakeFiles/cmTC_9eda5.dir/build.make CMakeFiles/cmTC_9eda5.dir/build
gmake[1]: Entering directory '/home/hice1/jyou79/CellTypeCircuit/code/custom_model/tmp/nestml-target/CMakeFiles/CMakeScratch/TryCompile-1BnmFM'
Building CXX object CMakeFiles/cmTC_9eda5.dir/CMakeCXXCompilerABI.cpp.o
/usr/local/pace-apps/spack/packages/linux-rhel9-x86_64_v3/gcc-11.3.1/gcc-12.3.0-ukkkutsxfl5kpnnaxflpkq2jtliwthfz/bin/c++   -fvisibility-inlines-hidden -fmessage-length=0 -march=nocona -mtune=haswell -ftree-vectorize -fPIC -fstack-protector-strong -fno-plt -O2 -ffunction-sections -pipe -isystem /home/hice1/jyou79/.conda/envs/nest/include    -v -o CMakeFiles/cmTC_9eda5.dir/CMakeCXXCompilerABI.cpp.o -c /home/hice1/jyou79/.conda/envs/nest/share/cmake-3.25/Modules/CMakeCXXCompilerABI.cpp
Reading specs from /usr/local/pace-apps/spack/packages/linux-rhel9-x86_64_v3/gcc-11.3.1/gcc-12.3.0-ukkkutsxfl5kpnnaxflpkq2jtliwthfz/lib/gcc/x86_64-pc-linux-gnu/12.3.0/specs
COLLECT_GCC=/usr/local/pace-apps/spack/packages/linux-rhel9-x86_64_v3/gcc-11.3.1/gcc-12.3.0-ukkkutsxfl5kpnnaxflpkq2jtliwthfz/bin/c++
Target: x86_64-pc-linux-gnu
Configured with: /usr/local/pace-apps/spack-cache/stage/pace-rrahaman6/spack-stage-gcc-12.3.0-ukkkutsxfl5kpnnaxflpkq2jtliwthfz/spack-src/configure --prefix=/usr/local/pace-apps/spack/packages/linux-rhel9-x86_64_v3/gcc-11.3.1/gcc-12.3.0-ukkkutsxfl5kpnnaxflpkq2jtliwthfz --with-pkgversion='Spack GCC' --with-bugurl=https://github.com/spack/spack/issues --disable-multilib --enable-languages=c,c++,fortran --disable-nls --disable-canonical-system-headers --with-system-zlib --with-zstd-include=/usr/local/pace-apps/spack/packages/linux-rhel9-x86_64_v3/gcc-11.3.1/zstd-1.5.5-zokfqscxl2bxqzikz5ftrnx6ugyaw4m5/include --with-zstd-lib=/usr/local/pace-apps/spack/packages/linux-rhel9-x86_64_v3/gcc-11.3.1/zstd-1.5.5-zokfqscxl2bxqzikz5ftrnx6ugyaw4m5/lib --enable-bootstrap --with-mpfr-include=/usr/local/pace-apps/spack/packages/linux-rhel9-x86_64_v3/gcc-11.3.1/mpfr-4.2.0-m7mkmzmf3zi67bey54fhqinqknpjei7z/include --with-mpfr-lib=/usr/local/pace-apps/spack/packages/linux-rhel9-x86_64_v3/gcc-11.3.1/mpfr-4.2.0-m7mkmzmf3zi67bey54fhqinqknpjei7z/lib --with-gmp-include=/usr/local/pace-apps/spack/packages/linux-rhel9-x86_64_v3/gcc-11.3.1/gmp-6.2.1-yttswsdfrtbfz56kfp7acyppb4gmc7ee/include --with-gmp-lib=/usr/local/pace-apps/spack/packages/linux-rhel9-x86_64_v3/gcc-11.3.1/gmp-6.2.1-yttswsdfrtbfz56kfp7acyppb4gmc7ee/lib --with-mpc-include=/usr/local/pace-apps/spack/packages/linux-rhel9-x86_64_v3/gcc-11.3.1/mpc-1.3.1-vtihikcqinvygakbpbdbldbt62wrswhy/include --with-mpc-lib=/usr/local/pace-apps/spack/packages/linux-rhel9-x86_64_v3/gcc-11.3.1/mpc-1.3.1-vtihikcqinvygakbpbdbldbt62wrswhy/lib --without-isl --with-stage1-ldflags='-Wl,-rpath,/usr/local/pace-apps/spack/packages/linux-rhel9-x86_64_v3/gcc-11.3.1/gcc-12.3.0-ukkkutsxfl5kpnnaxflpkq2jtliwthfz/lib -Wl,-rpath,/usr/local/pace-apps/spack/packages/linux-rhel9-x86_64_v3/gcc-11.3.1/gcc-12.3.0-ukkkutsxfl5kpnnaxflpkq2jtliwthfz/lib64 -Wl,-rpath,/usr/local/pace-apps/spack/packages/linux-rhel9-x86_64_v3/gcc-11.3.1/gmp-6.2.1-yttswsdfrtbfz56kfp7acyppb4gmc7ee/lib -Wl,-rpath,/usr/local/pace-apps/spack/packages/linux-rhel9-x86_64_v3/gcc-11.3.1/mpc-1.3.1-vtihikcqinvygakbpbdbldbt62wrswhy/lib -Wl,-rpath,/usr/local/pace-apps/spack/packages/linux-rhel9-x86_64_v3/gcc-11.3.1/mpfr-4.2.0-m7mkmzmf3zi67bey54fhqinqknpjei7z/lib -Wl,-rpath,/usr/local/pace-apps/spack/packages/linux-rhel9-x86_64_v3/gcc-11.3.1/zlib-1.2.13-jv5y5e7lstxpe7urzow6wr42b44vclu3/lib -Wl,-rpath,/usr/local/pace-apps/spack/packages/linux-rhel9-x86_64_v3/gcc-11.3.1/zstd-1.5.5-zokfqscxl2bxqzikz5ftrnx6ugyaw4m5/lib' --with-boot-ldflags='-Wl,-rpath,/usr/local/pace-apps/spack/packages/linux-rhel9-x86_64_v3/gcc-11.3.1/gcc-12.3.0-ukkkutsxfl5kpnnaxflpkq2jtliwthfz/lib -Wl,-rpath,/usr/local/pace-apps/spack/packages/linux-rhel9-x86_64_v3/gcc-11.3.1/gcc-12.3.0-ukkkutsxfl5kpnnaxflpkq2jtliwthfz/lib64 -Wl,-rpath,/usr/local/pace-apps/spack/packages/linux-rhel9-x86_64_v3/gcc-11.3.1/gmp-6.2.1-yttswsdfrtbfz56kfp7acyppb4gmc7ee/lib -Wl,-rpath,/usr/local/pace-apps/spack/packages/linux-rhel9-x86_64_v3/gcc-11.3.1/mpc-1.3.1-vtihikcqinvygakbpbdbldbt62wrswhy/lib -Wl,-rpath,/usr/local/pace-apps/spack/packages/linux-rhel9-x86_64_v3/gcc-11.3.1/mpfr-4.2.0-m7mkmzmf3zi67bey54fhqinqknpjei7z/lib -Wl,-rpath,/usr/local/pace-apps/spack/packages/linux-rhel9-x86_64_v3/gcc-11.3.1/zlib-1.2.13-jv5y5e7lstxpe7urzow6wr42b44vclu3/lib -Wl,-rpath,/usr/local/pace-apps/spack/packages/linux-rhel9-x86_64_v3/gcc-11.3.1/zstd-1.5.5-zokfqscxl2bxqzikz5ftrnx6ugyaw4m5/lib -static-libstdc++ -static-libgcc' --with-build-config=spack
Thread model: posix
Supported LTO compression algorithms: zlib zstd
gcc version 12.3.0 (Spack GCC) 
COLLECT_GCC_OPTIONS='-fvisibility-inlines-hidden' '-fmessage-length=0' '-march=nocona' '-mtune=haswell' '-ftree-vectorize' '-fPIC' '-fstack-protector-strong' '-fno-plt' '-O2' '-ffunction-sections' '-pipe' '-isystem' '/home/hice1/jyou79/.conda/envs/nest/include' '-v' '-o' 'CMakeFiles/cmTC_9eda5.dir/CMakeCXXCompilerABI.cpp.o' '-c' '-shared-libgcc' '-dumpdir' 'CMakeFiles/cmTC_9eda5.dir/'
 /usr/local/pace-apps/spack/packages/linux-rhel9-x86_64_v3/gcc-11.3.1/gcc-12.3.0-ukkkutsxfl5kpnnaxflpkq2jtliwthfz/libexec/gcc/x86_64-pc-linux-gnu/12.3.0/cc1plus -quiet -v -iprefix /storage/pace-apps/spack/packages/linux-rhel9-x86_64_v3/gcc-11.3.1/gcc-12.3.0-ukkkutsxfl5kpnnaxflpkq2jtliwthfz/bin/../lib/gcc/x86_64-pc-linux-gnu/12.3.0/ -D_GNU_SOURCE -isystem /home/hice1/jyou79/.conda/envs/nest/include /home/hice1/jyou79/.conda/envs/nest/share/cmake-3.25/Modules/CMakeCXXCompilerABI.cpp -quiet -dumpdir CMakeFiles/cmTC_9eda5.dir/ -dumpbase CMakeCXXCompilerABI.cpp.cpp -dumpbase-ext .cpp -march=nocona -mtune=haswell -O2 -version -fvisibility-inlines-hidden -fmessage-length=0 -ftree-vectorize -fPIC -fstack-protector-strong -fno-plt -ffunction-sections -o - |
 as -v --64 -o CMakeFiles/cmTC_9eda5.dir/CMakeCXXCompilerABI.cpp.o
GNU assembler version 2.39 (x86_64-conda-linux-gnu) using BFD version (GNU Binutils) 2.39
GNU C++17 (Spack GCC) version 12.3.0 (x86_64-pc-linux-gnu)
	compiled by GNU C version 12.3.0, GMP version 6.2.1, MPFR version 4.2.0, MPC version 1.3.1, isl version none
GGC heuristics: --param ggc-min-expand=100 --param ggc-min-heapsize=131072
ignoring nonexistent directory "/storage/pace-apps/spack/packages/linux-rhel9-x86_64_v3/gcc-11.3.1/gcc-12.3.0-ukkkutsxfl5kpnnaxflpkq2jtliwthfz/bin/../lib/gcc/x86_64-pc-linux-gnu/12.3.0/../../../../x86_64-pc-linux-gnu/include"
ignoring duplicate directory "/storage/pace-apps/spack/packages/linux-rhel9-x86_64_v3/gcc-11.3.1/gcc-12.3.0-ukkkutsxfl5kpnnaxflpkq2jtliwthfz/bin/../lib/gcc/../../lib/gcc/x86_64-pc-linux-gnu/12.3.0/../../../../include/c++/12.3.0"
ignoring duplicate directory "/storage/pace-apps/spack/packages/linux-rhel9-x86_64_v3/gcc-11.3.1/gcc-12.3.0-ukkkutsxfl5kpnnaxflpkq2jtliwthfz/bin/../lib/gcc/../../lib/gcc/x86_64-pc-linux-gnu/12.3.0/../../../../include/c++/12.3.0/x86_64-pc-linux-gnu"
ignoring duplicate directory "/storage/pace-apps/spack/packages/linux-rhel9-x86_64_v3/gcc-11.3.1/gcc-12.3.0-ukkkutsxfl5kpnnaxflpkq2jtliwthfz/bin/../lib/gcc/../../lib/gcc/x86_64-pc-linux-gnu/12.3.0/../../../../include/c++/12.3.0/backward"
ignoring duplicate directory "/storage/pace-apps/spack/packages/linux-rhel9-x86_64_v3/gcc-11.3.1/gcc-12.3.0-ukkkutsxfl5kpnnaxflpkq2jtliwthfz/bin/../lib/gcc/../../lib/gcc/x86_64-pc-linux-gnu/12.3.0/include"
ignoring duplicate directory "/storage/pace-apps/spack/packages/linux-rhel9-x86_64_v3/gcc-11.3.1/gcc-12.3.0-ukkkutsxfl5kpnnaxflpkq2jtliwthfz/bin/../lib/gcc/../../lib/gcc/x86_64-pc-linux-gnu/12.3.0/include-fixed"
ignoring nonexistent directory "/storage/pace-apps/spack/packages/linux-rhel9-x86_64_v3/gcc-11.3.1/gcc-12.3.0-ukkkutsxfl5kpnnaxflpkq2jtliwthfz/bin/../lib/gcc/../../lib/gcc/x86_64-pc-linux-gnu/12.3.0/../../../../x86_64-pc-linux-gnu/include"
ignoring duplicate directory "/usr/local/pace-apps/spack/packages/linux-rhel9-x86_64_v3/gcc-11.3.1/gcc-12.3.0-ukkkutsxfl5kpnnaxflpkq2jtliwthfz/include"
  as it is a non-system directory that duplicates a system directory
#include "..." search starts here:
#include <...> search starts here:
 /usr/local/pace-apps/spack/packages/linux-rhel9-x86_64_v3/gcc-12.3.0/mvapich2-2.3.7-1-qv3gjagtbx5e3rlbdy6iy2sfczryftyt/include
 /opt/slurm/current/include
 /opt/pmix/4.2.6/include
 /usr/local/pace-apps/spack/packages/linux-rhel9-x86_64_v3/gcc-12.3.0/libpciaccess-0.17-pjfe4ct4gfm5k26s36hmewhbz4k232dl/include
 /usr/local/pace-apps/spack/packages/linux-rhel9-x86_64_v3/gcc-12.3.0/zlib-1.2.13-3qhjpij2pji47kfanmlflvwk5ljcn5lh/include
 /usr/local/pace-apps/spack/packages/linux-rhel9-x86_64_v3/gcc-12.3.0/mpc-1.3.1-3zvixith5i243hwiill4exyu3lf2q6ad/include
 /usr/local/pace-apps/spack/packages/linux-rhel9-x86_64_v3/gcc-12.3.0/mpfr-4.2.0-tox4bdsc25zr763rnq5gzlukfbvw7uj7/include
 /usr/local/pace-apps/spack/packages/linux-rhel9-x86_64_v3/gcc-12.3.0/gmp-6.2.1-n7dzsse5e3f6w5z6q6cuqursydg6yypo/include
 /home/hice1/jyou79/.conda/envs/nest/include
 /storage/pace-apps/spack/packages/linux-rhel9-x86_64_v3/gcc-11.3.1/gcc-12.3.0-ukkkutsxfl5kpnnaxflpkq2jtliwthfz/bin/../lib/gcc/x86_64-pc-linux-gnu/12.3.0/../../../../include/c++/12.3.0
 /storage/pace-apps/spack/packages/linux-rhel9-x86_64_v3/gcc-11.3.1/gcc-12.3.0-ukkkutsxfl5kpnnaxflpkq2jtliwthfz/bin/../lib/gcc/x86_64-pc-linux-gnu/12.3.0/../../../../include/c++/12.3.0/x86_64-pc-linux-gnu
 /storage/pace-apps/spack/packages/linux-rhel9-x86_64_v3/gcc-11.3.1/gcc-12.3.0-ukkkutsxfl5kpnnaxflpkq2jtliwthfz/bin/../lib/gcc/x86_64-pc-linux-gnu/12.3.0/../../../../include/c++/12.3.0/backward
 /storage/pace-apps/spack/packages/linux-rhel9-x86_64_v3/gcc-11.3.1/gcc-12.3.0-ukkkutsxfl5kpnnaxflpkq2jtliwthfz/bin/../lib/gcc/x86_64-pc-linux-gnu/12.3.0/include
 /storage/pace-apps/spack/packages/linux-rhel9-x86_64_v3/gcc-11.3.1/gcc-12.3.0-ukkkutsxfl5kpnnaxflpkq2jtliwthfz/bin/../lib/gcc/x86_64-pc-linux-gnu/12.3.0/include-fixed
 /usr/local/include
 /storage/pace-apps/spack/packages/linux-rhel9-x86_64_v3/gcc-11.3.1/gcc-12.3.0-ukkkutsxfl5kpnnaxflpkq2jtliwthfz/bin/../lib/gcc/../../include
 /usr/include
End of search list.
GNU C++17 (Spack GCC) version 12.3.0 (x86_64-pc-linux-gnu)
	compiled by GNU C version 12.3.0, GMP version 6.2.1, MPFR version 4.2.0, MPC version 1.3.1, isl version none
GGC heuristics: --param ggc-min-expand=100 --param ggc-min-heapsize=131072
Compiler executable checksum: 15ea45919fe9a40293fd103ba908f3d6
COMPILER_PATH=/usr/local/pace-apps/spack/packages/linux-rhel9-x86_64_v3/gcc-11.3.1/gcc-12.3.0-ukkkutsxfl5kpnnaxflpkq2jtliwthfz/libexec/gcc/x86_64-pc-linux-gnu/12.3.0/:/usr/local/pace-apps/spack/packages/linux-rhel9-x86_64_v3/gcc-11.3.1/gcc-12.3.0-ukkkutsxfl5kpnnaxflpkq2jtliwthfz/libexec/gcc/
LIBRARY_PATH=/usr/local/pace-apps/spack/packages/linux-rhel9-x86_64_v3/gcc-11.3.1/gcc-12.3.0-ukkkutsxfl5kpnnaxflpkq2jtliwthfz/lib/gcc/x86_64-pc-linux-gnu/12.3.0/:/usr/local/pace-apps/spack/packages/linux-rhel9-x86_64_v3/gcc-11.3.1/gcc-12.3.0-ukkkutsxfl5kpnnaxflpkq2jtliwthfz/lib/gcc/:/usr/local/pace-apps/spack/packages/linux-rhel9-x86_64_v3/gcc-11.3.1/gcc-12.3.0-ukkkutsxfl5kpnnaxflpkq2jtliwthfz/lib64/../lib64/:/usr/local/pace-apps/spack/packages/linux-rhel9-x86_64_v3/gcc-11.3.1/gcc-12.3.0-ukkkutsxfl5kpnnaxflpkq2jtliwthfz/lib/../lib64/:/storage/pace-apps/spack/packages/linux-rhel9-x86_64_v3/gcc-11.3.1/gcc-12.3.0-ukkkutsxfl5kpnnaxflpkq2jtliwthfz/bin/../lib/gcc/x86_64-pc-linux-gnu/12.3.0/../../../../lib64/:/lib/../lib64/:/usr/lib/../lib64/:/usr/local/pace-apps/spack/packages/linux-rhel9-x86_64_v3/gcc-12.3.0/mvapich2-2.3.7-1-qv3gjagtbx5e3rlbdy6iy2sfczryftyt/lib/:/opt/slurm/current/lib/:/opt/pmix/4.2.6/lib/:/usr/local/pace-apps/spack/packages/linux-rhel9-x86_64_v3/gcc-12.3.0/libpciaccess-0.17-pjfe4ct4gfm5k26s36hmewhbz4k232dl/lib/:/usr/local/pace-apps/spack/packages/linux-rhel9-x86_64_v3/gcc-11.3.1/gcc-12.3.0-ukkkutsxfl5kpnnaxflpkq2jtliwthfz/lib64/:/usr/local/pace-apps/spack/packages/linux-rhel9-x86_64_v3/gcc-11.3.1/gcc-12.3.0-ukkkutsxfl5kpnnaxflpkq2jtliwthfz/lib/:/usr/local/pace-apps/spack/packages/linux-rhel9-x86_64_v3/gcc-12.3.0/zlib-1.2.13-3qhjpij2pji47kfanmlflvwk5ljcn5lh/lib/:/usr/local/pace-apps/spack/packages/linux-rhel9-x86_64_v3/gcc-12.3.0/mpc-1.3.1-3zvixith5i243hwiill4exyu3lf2q6ad/lib/:/usr/local/pace-apps/spack/packages/linux-rhel9-x86_64_v3/gcc-12.3.0/mpfr-4.2.0-tox4bdsc25zr763rnq5gzlukfbvw7uj7/lib/:/usr/local/pace-apps/spack/packages/linux-rhel9-x86_64_v3/gcc-12.3.0/gmp-6.2.1-n7dzsse5e3f6w5z6q6cuqursydg6yypo/lib/:/storage/pace-apps/spack/packages/linux-rhel9-x86_64_v3/gcc-11.3.1/gcc-12.3.0-ukkkutsxfl5kpnnaxflpkq2jtliwthfz/bin/../lib/gcc/x86_64-pc-linux-gnu/12.3.0/../../../:/lib/:/usr/lib/
COLLECT_GCC_OPTIONS='-fvisibility-inlines-hidden' '-fmessage-length=0' '-march=nocona' '-mtune=haswell' '-ftree-vectorize' '-fPIC' '-fstack-protector-strong' '-fno-plt' '-O2' '-ffunction-sections' '-pipe' '-isystem' '/home/hice1/jyou79/.conda/envs/nest/include' '-v' '-o' 'CMakeFiles/cmTC_9eda5.dir/CMakeCXXCompilerABI.cpp.o' '-c' '-shared-libgcc' '-dumpdir' 'CMakeFiles/cmTC_9eda5.dir/CMakeCXXCompilerABI.cpp.'
Linking CXX executable cmTC_9eda5
/home/hice1/jyou79/.conda/envs/nest/bin/cmake -E cmake_link_script CMakeFiles/cmTC_9eda5.dir/link.txt --verbose=1
/usr/local/pace-apps/spack/packages/linux-rhel9-x86_64_v3/gcc-11.3.1/gcc-12.3.0-ukkkutsxfl5kpnnaxflpkq2jtliwthfz/bin/c++ -fvisibility-inlines-hidden -fmessage-length=0 -march=nocona -mtune=haswell -ftree-vectorize -fPIC -fstack-protector-strong -fno-plt -O2 -ffunction-sections -pipe -isystem /home/hice1/jyou79/.conda/envs/nest/include  -Wl,-O2 -Wl,--sort-common -Wl,--as-needed -Wl,-z,relro -Wl,-z,now -Wl,--disable-new-dtags -Wl,--gc-sections -Wl,--allow-shlib-undefined -Wl,-rpath,/home/hice1/jyou79/.conda/envs/nest/lib -Wl,-rpath-link,/home/hice1/jyou79/.conda/envs/nest/lib -L/home/hice1/jyou79/.conda/envs/nest/lib -v -rdynamic CMakeFiles/cmTC_9eda5.dir/CMakeCXXCompilerABI.cpp.o -o cmTC_9eda5 
Reading specs from /usr/local/pace-apps/spack/packages/linux-rhel9-x86_64_v3/gcc-11.3.1/gcc-12.3.0-ukkkutsxfl5kpnnaxflpkq2jtliwthfz/lib/gcc/x86_64-pc-linux-gnu/12.3.0/specs
COLLECT_GCC=/usr/local/pace-apps/spack/packages/linux-rhel9-x86_64_v3/gcc-11.3.1/gcc-12.3.0-ukkkutsxfl5kpnnaxflpkq2jtliwthfz/bin/c++
COLLECT_LTO_WRAPPER=/usr/local/pace-apps/spack/packages/linux-rhel9-x86_64_v3/gcc-11.3.1/gcc-12.3.0-ukkkutsxfl5kpnnaxflpkq2jtliwthfz/libexec/gcc/x86_64-pc-linux-gnu/12.3.0/lto-wrapper
Target: x86_64-pc-linux-gnu
Configured with: /usr/local/pace-apps/spack-cache/stage/pace-rrahaman6/spack-stage-gcc-12.3.0-ukkkutsxfl5kpnnaxflpkq2jtliwthfz/spack-src/configure --prefix=/usr/local/pace-apps/spack/packages/linux-rhel9-x86_64_v3/gcc-11.3.1/gcc-12.3.0-ukkkutsxfl5kpnnaxflpkq2jtliwthfz --with-pkgversion='Spack GCC' --with-bugurl=https://github.com/spack/spack/issues --disable-multilib --enable-languages=c,c++,fortran --disable-nls --disable-canonical-system-headers --with-system-zlib --with-zstd-include=/usr/local/pace-apps/spack/packages/linux-rhel9-x86_64_v3/gcc-11.3.1/zstd-1.5.5-zokfqscxl2bxqzikz5ftrnx6ugyaw4m5/include --with-zstd-lib=/usr/local/pace-apps/spack/packages/linux-rhel9-x86_64_v3/gcc-11.3.1/zstd-1.5.5-zokfqscxl2bxqzikz5ftrnx6ugyaw4m5/lib --enable-bootstrap --with-mpfr-include=/usr/local/pace-apps/spack/packages/linux-rhel9-x86_64_v3/gcc-11.3.1/mpfr-4.2.0-m7mkmzmf3zi67bey54fhqinqknpjei7z/include --with-mpfr-lib=/usr/local/pace-apps/spack/packages/linux-rhel9-x86_64_v3/gcc-11.3.1/mpfr-4.2.0-m7mkmzmf3zi67bey54fhqinqknpjei7z/lib --with-gmp-include=/usr/local/pace-apps/spack/packages/linux-rhel9-x86_64_v3/gcc-11.3.1/gmp-6.2.1-yttswsdfrtbfz56kfp7acyppb4gmc7ee/include --with-gmp-lib=/usr/local/pace-apps/spack/packages/linux-rhel9-x86_64_v3/gcc-11.3.1/gmp-6.2.1-yttswsdfrtbfz56kfp7acyppb4gmc7ee/lib --with-mpc-include=/usr/local/pace-apps/spack/packages/linux-rhel9-x86_64_v3/gcc-11.3.1/mpc-1.3.1-vtihikcqinvygakbpbdbldbt62wrswhy/include --with-mpc-lib=/usr/local/pace-apps/spack/packages/linux-rhel9-x86_64_v3/gcc-11.3.1/mpc-1.3.1-vtihikcqinvygakbpbdbldbt62wrswhy/lib --without-isl --with-stage1-ldflags='-Wl,-rpath,/usr/local/pace-apps/spack/packages/linux-rhel9-x86_64_v3/gcc-11.3.1/gcc-12.3.0-ukkkutsxfl5kpnnaxflpkq2jtliwthfz/lib -Wl,-rpath,/usr/local/pace-apps/spack/packages/linux-rhel9-x86_64_v3/gcc-11.3.1/gcc-12.3.0-ukkkutsxfl5kpnnaxflpkq2jtliwthfz/lib64 -Wl,-rpath,/usr/local/pace-apps/spack/packages/linux-rhel9-x86_64_v3/gcc-11.3.1/gmp-6.2.1-yttswsdfrtbfz56kfp7acyppb4gmc7ee/lib -Wl,-rpath,/usr/local/pace-apps/spack/packages/linux-rhel9-x86_64_v3/gcc-11.3.1/mpc-1.3.1-vtihikcqinvygakbpbdbldbt62wrswhy/lib -Wl,-rpath,/usr/local/pace-apps/spack/packages/linux-rhel9-x86_64_v3/gcc-11.3.1/mpfr-4.2.0-m7mkmzmf3zi67bey54fhqinqknpjei7z/lib -Wl,-rpath,/usr/local/pace-apps/spack/packages/linux-rhel9-x86_64_v3/gcc-11.3.1/zlib-1.2.13-jv5y5e7lstxpe7urzow6wr42b44vclu3/lib -Wl,-rpath,/usr/local/pace-apps/spack/packages/linux-rhel9-x86_64_v3/gcc-11.3.1/zstd-1.5.5-zokfqscxl2bxqzikz5ftrnx6ugyaw4m5/lib' --with-boot-ldflags='-Wl,-rpath,/usr/local/pace-apps/spack/packages/linux-rhel9-x86_64_v3/gcc-11.3.1/gcc-12.3.0-ukkkutsxfl5kpnnaxflpkq2jtliwthfz/lib -Wl,-rpath,/usr/local/pace-apps/spack/packages/linux-rhel9-x86_64_v3/gcc-11.3.1/gcc-12.3.0-ukkkutsxfl5kpnnaxflpkq2jtliwthfz/lib64 -Wl,-rpath,/usr/local/pace-apps/spack/packages/linux-rhel9-x86_64_v3/gcc-11.3.1/gmp-6.2.1-yttswsdfrtbfz56kfp7acyppb4gmc7ee/lib -Wl,-rpath,/usr/local/pace-apps/spack/packages/linux-rhel9-x86_64_v3/gcc-11.3.1/mpc-1.3.1-vtihikcqinvygakbpbdbldbt62wrswhy/lib -Wl,-rpath,/usr/local/pace-apps/spack/packages/linux-rhel9-x86_64_v3/gcc-11.3.1/mpfr-4.2.0-m7mkmzmf3zi67bey54fhqinqknpjei7z/lib -Wl,-rpath,/usr/local/pace-apps/spack/packages/linux-rhel9-x86_64_v3/gcc-11.3.1/zlib-1.2.13-jv5y5e7lstxpe7urzow6wr42b44vclu3/lib -Wl,-rpath,/usr/local/pace-apps/spack/packages/linux-rhel9-x86_64_v3/gcc-11.3.1/zstd-1.5.5-zokfqscxl2bxqzikz5ftrnx6ugyaw4m5/lib -static-libstdc++ -static-libgcc' --with-build-config=spack
Thread model: posix
Supported LTO compression algorithms: zlib zstd
gcc version 12.3.0 (Spack GCC) 
COMPILER_PATH=/usr/local/pace-apps/spack/packages/linux-rhel9-x86_64_v3/gcc-11.3.1/gcc-12.3.0-ukkkutsxfl5kpnnaxflpkq2jtliwthfz/libexec/gcc/x86_64-pc-linux-gnu/12.3.0/:/usr/local/pace-apps/spack/packages/linux-rhel9-x86_64_v3/gcc-11.3.1/gcc-12.3.0-ukkkutsxfl5kpnnaxflpkq2jtliwthfz/libexec/gcc/
LIBRARY_PATH=/usr/local/pace-apps/spack/packages/linux-rhel9-x86_64_v3/gcc-11.3.1/gcc-12.3.0-ukkkutsxfl5kpnnaxflpkq2jtliwthfz/lib/gcc/x86_64-pc-linux-gnu/12.3.0/:/usr/local/pace-apps/spack/packages/linux-rhel9-x86_64_v3/gcc-11.3.1/gcc-12.3.0-ukkkutsxfl5kpnnaxflpkq2jtliwthfz/lib/gcc/:/usr/local/pace-apps/spack/packages/linux-rhel9-x86_64_v3/gcc-11.3.1/gcc-12.3.0-ukkkutsxfl5kpnnaxflpkq2jtliwthfz/lib64/../lib64/:/usr/local/pace-apps/spack/packages/linux-rhel9-x86_64_v3/gcc-11.3.1/gcc-12.3.0-ukkkutsxfl5kpnnaxflpkq2jtliwthfz/lib/../lib64/:/storage/pace-apps/spack/packages/linux-rhel9-x86_64_v3/gcc-11.3.1/gcc-12.3.0-ukkkutsxfl5kpnnaxflpkq2jtliwthfz/bin/../lib/gcc/x86_64-pc-linux-gnu/12.3.0/../../../../lib64/:/lib/../lib64/:/usr/lib/../lib64/:/usr/local/pace-apps/spack/packages/linux-rhel9-x86_64_v3/gcc-12.3.0/mvapich2-2.3.7-1-qv3gjagtbx5e3rlbdy6iy2sfczryftyt/lib/:/opt/slurm/current/lib/:/opt/pmix/4.2.6/lib/:/usr/local/pace-apps/spack/packages/linux-rhel9-x86_64_v3/gcc-12.3.0/libpciaccess-0.17-pjfe4ct4gfm5k26s36hmewhbz4k232dl/lib/:/usr/local/pace-apps/spack/packages/linux-rhel9-x86_64_v3/gcc-11.3.1/gcc-12.3.0-ukkkutsxfl5kpnnaxflpkq2jtliwthfz/lib64/:/usr/local/pace-apps/spack/packages/linux-rhel9-x86_64_v3/gcc-11.3.1/gcc-12.3.0-ukkkutsxfl5kpnnaxflpkq2jtliwthfz/lib/:/usr/local/pace-apps/spack/packages/linux-rhel9-x86_64_v3/gcc-12.3.0/zlib-1.2.13-3qhjpij2pji47kfanmlflvwk5ljcn5lh/lib/:/usr/local/pace-apps/spack/packages/linux-rhel9-x86_64_v3/gcc-12.3.0/mpc-1.3.1-3zvixith5i243hwiill4exyu3lf2q6ad/lib/:/usr/local/pace-apps/spack/packages/linux-rhel9-x86_64_v3/gcc-12.3.0/mpfr-4.2.0-tox4bdsc25zr763rnq5gzlukfbvw7uj7/lib/:/usr/local/pace-apps/spack/packages/linux-rhel9-x86_64_v3/gcc-12.3.0/gmp-6.2.1-n7dzsse5e3f6w5z6q6cuqursydg6yypo/lib/:/storage/pace-apps/spack/packages/linux-rhel9-x86_64_v3/gcc-11.3.1/gcc-12.3.0-ukkkutsxfl5kpnnaxflpkq2jtliwthfz/bin/../lib/gcc/x86_64-pc-linux-gnu/12.3.0/../../../:/lib/:/usr/lib/
COLLECT_GCC_OPTIONS='-fvisibility-inlines-hidden' '-fmessage-length=0' '-march=nocona' '-mtune=haswell' '-ftree-vectorize' '-fPIC' '-fstack-protector-strong' '-fno-plt' '-O2' '-ffunction-sections' '-pipe' '-isystem' '/home/hice1/jyou79/.conda/envs/nest/include' '-L/home/hice1/jyou79/.conda/envs/nest/lib' '-v' '-rdynamic' '-o' 'cmTC_9eda5' '-shared-libgcc' '-dumpdir' 'cmTC_9eda5.'
 /usr/local/pace-apps/spack/packages/linux-rhel9-x86_64_v3/gcc-11.3.1/gcc-12.3.0-ukkkutsxfl5kpnnaxflpkq2jtliwthfz/libexec/gcc/x86_64-pc-linux-gnu/12.3.0/collect2 -plugin /usr/local/pace-apps/spack/packages/linux-rhel9-x86_64_v3/gcc-11.3.1/gcc-12.3.0-ukkkutsxfl5kpnnaxflpkq2jtliwthfz/libexec/gcc/x86_64-pc-linux-gnu/12.3.0/liblto_plugin.so -plugin-opt=/usr/local/pace-apps/spack/packages/linux-rhel9-x86_64_v3/gcc-11.3.1/gcc-12.3.0-ukkkutsxfl5kpnnaxflpkq2jtliwthfz/libexec/gcc/x86_64-pc-linux-gnu/12.3.0/lto-wrapper -plugin-opt=-fresolution=/tmp/cchTY468.res -plugin-opt=-pass-through=-lgcc_s -plugin-opt=-pass-through=-lgcc -plugin-opt=-pass-through=-lc -plugin-opt=-pass-through=-lgcc_s -plugin-opt=-pass-through=-lgcc --eh-frame-hdr -m elf_x86_64 -export-dynamic -dynamic-linker /lib64/ld-linux-x86-64.so.2 -o cmTC_9eda5 /lib/../lib64/crt1.o /lib/../lib64/crti.o /usr/local/pace-apps/spack/packages/linux-rhel9-x86_64_v3/gcc-11.3.1/gcc-12.3.0-ukkkutsxfl5kpnnaxflpkq2jtliwthfz/lib/gcc/x86_64-pc-linux-gnu/12.3.0/crtbegin.o -L/home/hice1/jyou79/.conda/envs/nest/lib -rpath /usr/local/pace-apps/spack/packages/linux-rhel9-x86_64_v3/gcc-11.3.1/gcc-12.3.0-ukkkutsxfl5kpnnaxflpkq2jtliwthfz/lib64 -L/usr/local/pace-apps/spack/packages/linux-rhel9-x86_64_v3/gcc-11.3.1/gcc-12.3.0-ukkkutsxfl5kpnnaxflpkq2jtliwthfz/lib/gcc/x86_64-pc-linux-gnu/12.3.0 -L/usr/local/pace-apps/spack/packages/linux-rhel9-x86_64_v3/gcc-11.3.1/gcc-12.3.0-ukkkutsxfl5kpnnaxflpkq2jtliwthfz/lib/gcc -L/usr/local/pace-apps/spack/packages/linux-rhel9-x86_64_v3/gcc-11.3.1/gcc-12.3.0-ukkkutsxfl5kpnnaxflpkq2jtliwthfz/lib64/../lib64 -L/usr/local/pace-apps/spack/packages/linux-rhel9-x86_64_v3/gcc-11.3.1/gcc-12.3.0-ukkkutsxfl5kpnnaxflpkq2jtliwthfz/lib/../lib64 -L/storage/pace-apps/spack/packages/linux-rhel9-x86_64_v3/gcc-11.3.1/gcc-12.3.0-ukkkutsxfl5kpnnaxflpkq2jtliwthfz/bin/../lib/gcc/x86_64-pc-linux-gnu/12.3.0/../../../../lib64 -L/lib/../lib64 -L/usr/lib/../lib64 -L/usr/local/pace-apps/spack/packages/linux-rhel9-x86_64_v3/gcc-12.3.0/mvapich2-2.3.7-1-qv3gjagtbx5e3rlbdy6iy2sfczryftyt/lib -L/opt/slurm/current/lib -L/opt/pmix/4.2.6/lib -L/usr/local/pace-apps/spack/packages/linux-rhel9-x86_64_v3/gcc-12.3.0/libpciaccess-0.17-pjfe4ct4gfm5k26s36hmewhbz4k232dl/lib -L/usr/local/pace-apps/spack/packages/linux-rhel9-x86_64_v3/gcc-11.3.1/gcc-12.3.0-ukkkutsxfl5kpnnaxflpkq2jtliwthfz/lib64 -L/usr/local/pace-apps/spack/packages/linux-rhel9-x86_64_v3/gcc-11.3.1/gcc-12.3.0-ukkkutsxfl5kpnnaxflpkq2jtliwthfz/lib -L/usr/local/pace-apps/spack/packages/linux-rhel9-x86_64_v3/gcc-12.3.0/zlib-1.2.13-3qhjpij2pji47kfanmlflvwk5ljcn5lh/lib -L/usr/local/pace-apps/spack/packages/linux-rhel9-x86_64_v3/gcc-12.3.0/mpc-1.3.1-3zvixith5i243hwiill4exyu3lf2q6ad/lib -L/usr/local/pace-apps/spack/packages/linux-rhel9-x86_64_v3/gcc-12.3.0/mpfr-4.2.0-tox4bdsc25zr763rnq5gzlukfbvw7uj7/lib -L/usr/local/pace-apps/spack/packages/linux-rhel9-x86_64_v3/gcc-12.3.0/gmp-6.2.1-n7dzsse5e3f6w5z6q6cuqursydg6yypo/lib -L/storage/pace-apps/spack/packages/linux-rhel9-x86_64_v3/gcc-11.3.1/gcc-12.3.0-ukkkutsxfl5kpnnaxflpkq2jtliwthfz/bin/../lib/gcc/x86_64-pc-linux-gnu/12.3.0/../../.. -O2 --sort-common --as-needed -z relro -z now --disable-new-dtags --gc-sections --allow-shlib-undefined -rpath /home/hice1/jyou79/.conda/envs/nest/lib -rpath-link /home/hice1/jyou79/.conda/envs/nest/lib CMakeFiles/cmTC_9eda5.dir/CMakeCXXCompilerABI.cpp.o -lstdc++ -lm -lgcc_s -lgcc -lc -lgcc_s -lgcc /usr/local/pace-apps/spack/packages/linux-rhel9-x86_64_v3/gcc-11.3.1/gcc-12.3.0-ukkkutsxfl5kpnnaxflpkq2jtliwthfz/lib/gcc/x86_64-pc-linux-gnu/12.3.0/crtend.o /lib/../lib64/crtn.o
COLLECT_GCC_OPTIONS='-fvisibility-inlines-hidden' '-fmessage-length=0' '-march=nocona' '-mtune=haswell' '-ftree-vectorize' '-fPIC' '-fstack-protector-strong' '-fno-plt' '-O2' '-ffunction-sections' '-pipe' '-isystem' '/home/hice1/jyou79/.conda/envs/nest/include' '-L/home/hice1/jyou79/.conda/envs/nest/lib' '-v' '-rdynamic' '-o' 'cmTC_9eda5' '-shared-libgcc' '-dumpdir' 'cmTC_9eda5.'
gmake[1]: Leaving directory '/home/hice1/jyou79/CellTypeCircuit/code/custom_model/tmp/nestml-target/CMakeFiles/CMakeScratch/TryCompile-1BnmFM'



Parsed CXX implicit include dir info from above output: rv=done
  found start of include info
  found start of implicit include info
    add: [/usr/local/pace-apps/spack/packages/linux-rhel9-x86_64_v3/gcc-12.3.0/mvapich2-2.3.7-1-qv3gjagtbx5e3rlbdy6iy2sfczryftyt/include]
    add: [/opt/slurm/current/include]
    add: [/opt/pmix/4.2.6/include]
    add: [/usr/local/pace-apps/spack/packages/linux-rhel9-x86_64_v3/gcc-12.3.0/libpciaccess-0.17-pjfe4ct4gfm5k26s36hmewhbz4k232dl/include]
    add: [/usr/local/pace-apps/spack/packages/linux-rhel9-x86_64_v3/gcc-12.3.0/zlib-1.2.13-3qhjpij2pji47kfanmlflvwk5ljcn5lh/include]
    add: [/usr/local/pace-apps/spack/packages/linux-rhel9-x86_64_v3/gcc-12.3.0/mpc-1.3.1-3zvixith5i243hwiill4exyu3lf2q6ad/include]
    add: [/usr/local/pace-apps/spack/packages/linux-rhel9-x86_64_v3/gcc-12.3.0/mpfr-4.2.0-tox4bdsc25zr763rnq5gzlukfbvw7uj7/include]
    add: [/usr/local/pace-apps/spack/packages/linux-rhel9-x86_64_v3/gcc-12.3.0/gmp-6.2.1-n7dzsse5e3f6w5z6q6cuqursydg6yypo/include]
    add: [/home/hice1/jyou79/.conda/envs/nest/include]
    add: [/storage/pace-apps/spack/packages/linux-rhel9-x86_64_v3/gcc-11.3.1/gcc-12.3.0-ukkkutsxfl5kpnnaxflpkq2jtliwthfz/bin/../lib/gcc/x86_64-pc-linux-gnu/12.3.0/../../../../include/c++/12.3.0]
    add: [/storage/pace-apps/spack/packages/linux-rhel9-x86_64_v3/gcc-11.3.1/gcc-12.3.0-ukkkutsxfl5kpnnaxflpkq2jtliwthfz/bin/../lib/gcc/x86_64-pc-linux-gnu/12.3.0/../../../../include/c++/12.3.0/x86_64-pc-linux-gnu]
    add: [/storage/pace-apps/spack/packages/linux-rhel9-x86_64_v3/gcc-11.3.1/gcc-12.3.0-ukkkutsxfl5kpnnaxflpkq2jtliwthfz/bin/../lib/gcc/x86_64-pc-linux-gnu/12.3.0/../../../../include/c++/12.3.0/backward]
    add: [/storage/pace-apps/spack/packages/linux-rhel9-x86_64_v3/gcc-11.3.1/gcc-12.3.0-ukkkutsxfl5kpnnaxflpkq2jtliwthfz/bin/../lib/gcc/x86_64-pc-linux-gnu/12.3.0/include]
    add: [/storage/pace-apps/spack/packages/linux-rhel9-x86_64_v3/gcc-11.3.1/gcc-12.3.0-ukkkutsxfl5kpnnaxflpkq2jtliwthfz/bin/../lib/gcc/x86_64-pc-linux-gnu/12.3.0/include-fixed]
    add: [/usr/local/include]
    add: [/storage/pace-apps/spack/packages/linux-rhel9-x86_64_v3/gcc-11.3.1/gcc-12.3.0-ukkkutsxfl5kpnnaxflpkq2jtliwthfz/bin/../lib/gcc/../../include]
    add: [/usr/include]
  end of search list found
  collapse include dir [/usr/local/pace-apps/spack/packages/linux-rhel9-x86_64_v3/gcc-12.3.0/mvapich2-2.3.7-1-qv3gjagtbx5e3rlbdy6iy2sfczryftyt/include] ==> [/usr/local/pace-apps/spack/packages/linux-rhel9-x86_64_v3/gcc-12.3.0/mvapich2-2.3.7-1-qv3gjagtbx5e3rlbdy6iy2sfczryftyt/include]
  collapse include dir [/opt/slurm/current/include] ==> [/opt/slurm/current/include]
  collapse include dir [/opt/pmix/4.2.6/include] ==> [/opt/pmix/4.2.6/include]
  collapse include dir [/usr/local/pace-apps/spack/packages/linux-rhel9-x86_64_v3/gcc-12.3.0/libpciaccess-0.17-pjfe4ct4gfm5k26s36hmewhbz4k232dl/include] ==> [/usr/local/pace-apps/spack/packages/linux-rhel9-x86_64_v3/gcc-12.3.0/libpciaccess-0.17-pjfe4ct4gfm5k26s36hmewhbz4k232dl/include]
  collapse include dir [/usr/local/pace-apps/spack/packages/linux-rhel9-x86_64_v3/gcc-12.3.0/zlib-1.2.13-3qhjpij2pji47kfanmlflvwk5ljcn5lh/include] ==> [/usr/local/pace-apps/spack/packages/linux-rhel9-x86_64_v3/gcc-12.3.0/zlib-1.2.13-3qhjpij2pji47kfanmlflvwk5ljcn5lh/include]
  collapse include dir [/usr/local/pace-apps/spack/packages/linux-rhel9-x86_64_v3/gcc-12.3.0/mpc-1.3.1-3zvixith5i243hwiill4exyu3lf2q6ad/include] ==> [/usr/local/pace-apps/spack/packages/linux-rhel9-x86_64_v3/gcc-12.3.0/mpc-1.3.1-3zvixith5i243hwiill4exyu3lf2q6ad/include]
  collapse include dir [/usr/local/pace-apps/spack/packages/linux-rhel9-x86_64_v3/gcc-12.3.0/mpfr-4.2.0-tox4bdsc25zr763rnq5gzlukfbvw7uj7/include] ==> [/usr/local/pace-apps/spack/packages/linux-rhel9-x86_64_v3/gcc-12.3.0/mpfr-4.2.0-tox4bdsc25zr763rnq5gzlukfbvw7uj7/include]
  collapse include dir [/usr/local/pace-apps/spack/packages/linux-rhel9-x86_64_v3/gcc-12.3.0/gmp-6.2.1-n7dzsse5e3f6w5z6q6cuqursydg6yypo/include] ==> [/usr/local/pace-apps/spack/packages/linux-rhel9-x86_64_v3/gcc-12.3.0/gmp-6.2.1-n7dzsse5e3f6w5z6q6cuqursydg6yypo/include]
  collapse include dir [/home/hice1/jyou79/.conda/envs/nest/include] ==> [/home/hice1/jyou79/.conda/envs/nest/include]
  collapse include dir [/storage/pace-apps/spack/packages/linux-rhel9-x86_64_v3/gcc-11.3.1/gcc-12.3.0-ukkkutsxfl5kpnnaxflpkq2jtliwthfz/bin/../lib/gcc/x86_64-pc-linux-gnu/12.3.0/../../../../include/c++/12.3.0] ==> [/storage/pace-apps/spack/packages/linux-rhel9-x86_64_v3/gcc-11.3.1/gcc-12.3.0-ukkkutsxfl5kpnnaxflpkq2jtliwthfz/include/c++/12.3.0]
  collapse include dir [/storage/pace-apps/spack/packages/linux-rhel9-x86_64_v3/gcc-11.3.1/gcc-12.3.0-ukkkutsxfl5kpnnaxflpkq2jtliwthfz/bin/../lib/gcc/x86_64-pc-linux-gnu/12.3.0/../../../../include/c++/12.3.0/x86_64-pc-linux-gnu] ==> [/storage/pace-apps/spack/packages/linux-rhel9-x86_64_v3/gcc-11.3.1/gcc-12.3.0-ukkkutsxfl5kpnnaxflpkq2jtliwthfz/include/c++/12.3.0/x86_64-pc-linux-gnu]
  collapse include dir [/storage/pace-apps/spack/packages/linux-rhel9-x86_64_v3/gcc-11.3.1/gcc-12.3.0-ukkkutsxfl5kpnnaxflpkq2jtliwthfz/bin/../lib/gcc/x86_64-pc-linux-gnu/12.3.0/../../../../include/c++/12.3.0/backward] ==> [/storage/pace-apps/spack/packages/linux-rhel9-x86_64_v3/gcc-11.3.1/gcc-12.3.0-ukkkutsxfl5kpnnaxflpkq2jtliwthfz/include/c++/12.3.0/backward]
  collapse include dir [/storage/pace-apps/spack/packages/linux-rhel9-x86_64_v3/gcc-11.3.1/gcc-12.3.0-ukkkutsxfl5kpnnaxflpkq2jtliwthfz/bin/../lib/gcc/x86_64-pc-linux-gnu/12.3.0/include] ==> [/storage/pace-apps/spack/packages/linux-rhel9-x86_64_v3/gcc-11.3.1/gcc-12.3.0-ukkkutsxfl5kpnnaxflpkq2jtliwthfz/lib/gcc/x86_64-pc-linux-gnu/12.3.0/include]
  collapse include dir [/storage/pace-apps/spack/packages/linux-rhel9-x86_64_v3/gcc-11.3.1/gcc-12.3.0-ukkkutsxfl5kpnnaxflpkq2jtliwthfz/bin/../lib/gcc/x86_64-pc-linux-gnu/12.3.0/include-fixed] ==> [/storage/pace-apps/spack/packages/linux-rhel9-x86_64_v3/gcc-11.3.1/gcc-12.3.0-ukkkutsxfl5kpnnaxflpkq2jtliwthfz/lib/gcc/x86_64-pc-linux-gnu/12.3.0/include-fixed]
  collapse include dir [/usr/local/include] ==> [/usr/local/include]
  collapse include dir [/storage/pace-apps/spack/packages/linux-rhel9-x86_64_v3/gcc-11.3.1/gcc-12.3.0-ukkkutsxfl5kpnnaxflpkq2jtliwthfz/bin/../lib/gcc/../../include] ==> [/storage/pace-apps/spack/packages/linux-rhel9-x86_64_v3/gcc-11.3.1/gcc-12.3.0-ukkkutsxfl5kpnnaxflpkq2jtliwthfz/include]
  collapse include dir [/usr/include] ==> [/usr/include]
  implicit include dirs: [/usr/local/pace-apps/spack/packages/linux-rhel9-x86_64_v3/gcc-12.3.0/mvapich2-2.3.7-1-qv3gjagtbx5e3rlbdy6iy2sfczryftyt/include;/opt/slurm/current/include;/opt/pmix/4.2.6/include;/usr/local/pace-apps/spack/packages/linux-rhel9-x86_64_v3/gcc-12.3.0/libpciaccess-0.17-pjfe4ct4gfm5k26s36hmewhbz4k232dl/include;/usr/local/pace-apps/spack/packages/linux-rhel9-x86_64_v3/gcc-12.3.0/zlib-1.2.13-3qhjpij2pji47kfanmlflvwk5ljcn5lh/include;/usr/local/pace-apps/spack/packages/linux-rhel9-x86_64_v3/gcc-12.3.0/mpc-1.3.1-3zvixith5i243hwiill4exyu3lf2q6ad/include;/usr/local/pace-apps/spack/packages/linux-rhel9-x86_64_v3/gcc-12.3.0/mpfr-4.2.0-tox4bdsc25zr763rnq5gzlukfbvw7uj7/include;/usr/local/pace-apps/spack/packages/linux-rhel9-x86_64_v3/gcc-12.3.0/gmp-6.2.1-n7dzsse5e3f6w5z6q6cuqursydg6yypo/include;/home/hice1/jyou79/.conda/envs/nest/include;/storage/pace-apps/spack/packages/linux-rhel9-x86_64_v3/gcc-11.3.1/gcc-12.3.0-ukkkutsxfl5kpnnaxflpkq2jtliwthfz/include/c++/12.3.0;/storage/pace-apps/spack/packages/linux-rhel9-x86_64_v3/gcc-11.3.1/gcc-12.3.0-ukkkutsxfl5kpnnaxflpkq2jtliwthfz/include/c++/12.3.0/x86_64-pc-linux-gnu;/storage/pace-apps/spack/packages/linux-rhel9-x86_64_v3/gcc-11.3.1/gcc-12.3.0-ukkkutsxfl5kpnnaxflpkq2jtliwthfz/include/c++/12.3.0/backward;/storage/pace-apps/spack/packages/linux-rhel9-x86_64_v3/gcc-11.3.1/gcc-12.3.0-ukkkutsxfl5kpnnaxflpkq2jtliwthfz/lib/gcc/x86_64-pc-linux-gnu/12.3.0/include;/storage/pace-apps/spack/packages/linux-rhel9-x86_64_v3/gcc-11.3.1/gcc-12.3.0-ukkkutsxfl5kpnnaxflpkq2jtliwthfz/lib/gcc/x86_64-pc-linux-gnu/12.3.0/include-fixed;/usr/local/include;/storage/pace-apps/spack/packages/linux-rhel9-x86_64_v3/gcc-11.3.1/gcc-12.3.0-ukkkutsxfl5kpnnaxflpkq2jtliwthfz/include;/usr/include]


Parsed CXX implicit link information from above output:
  link line regex: [^( *|.*[/\])(ld|CMAKE_LINK_STARTFILE-NOTFOUND|([^/\]+-)?ld|collect2)[^/\]*( |$)]
  ignore line: [Change Dir: /home/hice1/jyou79/CellTypeCircuit/code/custom_model/tmp/nestml-target/CMakeFiles/CMakeScratch/TryCompile-1BnmFM]
  ignore line: []
  ignore line: [Run Build Command(s):/usr/bin/gmake -f Makefile cmTC_9eda5/fast && /usr/bin/gmake  -f CMakeFiles/cmTC_9eda5.dir/build.make CMakeFiles/cmTC_9eda5.dir/build]
  ignore line: [gmake[1]: Entering directory '/home/hice1/jyou79/CellTypeCircuit/code/custom_model/tmp/nestml-target/CMakeFiles/CMakeScratch/TryCompile-1BnmFM']
  ignore line: [Building CXX object CMakeFiles/cmTC_9eda5.dir/CMakeCXXCompilerABI.cpp.o]
  ignore line: [/usr/local/pace-apps/spack/packages/linux-rhel9-x86_64_v3/gcc-11.3.1/gcc-12.3.0-ukkkutsxfl5kpnnaxflpkq2jtliwthfz/bin/c++   -fvisibility-inlines-hidden -fmessage-length=0 -march=nocona -mtune=haswell -ftree-vectorize -fPIC -fstack-protector-strong -fno-plt -O2 -ffunction-sections -pipe -isystem /home/hice1/jyou79/.conda/envs/nest/include    -v -o CMakeFiles/cmTC_9eda5.dir/CMakeCXXCompilerABI.cpp.o -c /home/hice1/jyou79/.conda/envs/nest/share/cmake-3.25/Modules/CMakeCXXCompilerABI.cpp]
  ignore line: [Reading specs from /usr/local/pace-apps/spack/packages/linux-rhel9-x86_64_v3/gcc-11.3.1/gcc-12.3.0-ukkkutsxfl5kpnnaxflpkq2jtliwthfz/lib/gcc/x86_64-pc-linux-gnu/12.3.0/specs]
  ignore line: [COLLECT_GCC=/usr/local/pace-apps/spack/packages/linux-rhel9-x86_64_v3/gcc-11.3.1/gcc-12.3.0-ukkkutsxfl5kpnnaxflpkq2jtliwthfz/bin/c++]
  ignore line: [Target: x86_64-pc-linux-gnu]
  ignore line: [Configured with: /usr/local/pace-apps/spack-cache/stage/pace-rrahaman6/spack-stage-gcc-12.3.0-ukkkutsxfl5kpnnaxflpkq2jtliwthfz/spack-src/configure --prefix=/usr/local/pace-apps/spack/packages/linux-rhel9-x86_64_v3/gcc-11.3.1/gcc-12.3.0-ukkkutsxfl5kpnnaxflpkq2jtliwthfz --with-pkgversion='Spack GCC' --with-bugurl=https://github.com/spack/spack/issues --disable-multilib --enable-languages=c c++ fortran --disable-nls --disable-canonical-system-headers --with-system-zlib --with-zstd-include=/usr/local/pace-apps/spack/packages/linux-rhel9-x86_64_v3/gcc-11.3.1/zstd-1.5.5-zokfqscxl2bxqzikz5ftrnx6ugyaw4m5/include --with-zstd-lib=/usr/local/pace-apps/spack/packages/linux-rhel9-x86_64_v3/gcc-11.3.1/zstd-1.5.5-zokfqscxl2bxqzikz5ftrnx6ugyaw4m5/lib --enable-bootstrap --with-mpfr-include=/usr/local/pace-apps/spack/packages/linux-rhel9-x86_64_v3/gcc-11.3.1/mpfr-4.2.0-m7mkmzmf3zi67bey54fhqinqknpjei7z/include --with-mpfr-lib=/usr/local/pace-apps/spack/packages/linux-rhel9-x86_64_v3/gcc-11.3.1/mpfr-4.2.0-m7mkmzmf3zi67bey54fhqinqknpjei7z/lib --with-gmp-include=/usr/local/pace-apps/spack/packages/linux-rhel9-x86_64_v3/gcc-11.3.1/gmp-6.2.1-yttswsdfrtbfz56kfp7acyppb4gmc7ee/include --with-gmp-lib=/usr/local/pace-apps/spack/packages/linux-rhel9-x86_64_v3/gcc-11.3.1/gmp-6.2.1-yttswsdfrtbfz56kfp7acyppb4gmc7ee/lib --with-mpc-include=/usr/local/pace-apps/spack/packages/linux-rhel9-x86_64_v3/gcc-11.3.1/mpc-1.3.1-vtihikcqinvygakbpbdbldbt62wrswhy/include --with-mpc-lib=/usr/local/pace-apps/spack/packages/linux-rhel9-x86_64_v3/gcc-11.3.1/mpc-1.3.1-vtihikcqinvygakbpbdbldbt62wrswhy/lib --without-isl --with-stage1-ldflags='-Wl -rpath /usr/local/pace-apps/spack/packages/linux-rhel9-x86_64_v3/gcc-11.3.1/gcc-12.3.0-ukkkutsxfl5kpnnaxflpkq2jtliwthfz/lib -Wl -rpath /usr/local/pace-apps/spack/packages/linux-rhel9-x86_64_v3/gcc-11.3.1/gcc-12.3.0-ukkkutsxfl5kpnnaxflpkq2jtliwthfz/lib64 -Wl -rpath /usr/local/pace-apps/spack/packages/linux-rhel9-x86_64_v3/gcc-11.3.1/gmp-6.2.1-yttswsdfrtbfz56kfp7acyppb4gmc7ee/lib -Wl -rpath /usr/local/pace-apps/spack/packages/linux-rhel9-x86_64_v3/gcc-11.3.1/mpc-1.3.1-vtihikcqinvygakbpbdbldbt62wrswhy/lib -Wl -rpath /usr/local/pace-apps/spack/packages/linux-rhel9-x86_64_v3/gcc-11.3.1/mpfr-4.2.0-m7mkmzmf3zi67bey54fhqinqknpjei7z/lib -Wl -rpath /usr/local/pace-apps/spack/packages/linux-rhel9-x86_64_v3/gcc-11.3.1/zlib-1.2.13-jv5y5e7lstxpe7urzow6wr42b44vclu3/lib -Wl -rpath /usr/local/pace-apps/spack/packages/linux-rhel9-x86_64_v3/gcc-11.3.1/zstd-1.5.5-zokfqscxl2bxqzikz5ftrnx6ugyaw4m5/lib' --with-boot-ldflags='-Wl -rpath /usr/local/pace-apps/spack/packages/linux-rhel9-x86_64_v3/gcc-11.3.1/gcc-12.3.0-ukkkutsxfl5kpnnaxflpkq2jtliwthfz/lib -Wl -rpath /usr/local/pace-apps/spack/packages/linux-rhel9-x86_64_v3/gcc-11.3.1/gcc-12.3.0-ukkkutsxfl5kpnnaxflpkq2jtliwthfz/lib64 -Wl -rpath /usr/local/pace-apps/spack/packages/linux-rhel9-x86_64_v3/gcc-11.3.1/gmp-6.2.1-yttswsdfrtbfz56kfp7acyppb4gmc7ee/lib -Wl -rpath /usr/local/pace-apps/spack/packages/linux-rhel9-x86_64_v3/gcc-11.3.1/mpc-1.3.1-vtihikcqinvygakbpbdbldbt62wrswhy/lib -Wl -rpath /usr/local/pace-apps/spack/packages/linux-rhel9-x86_64_v3/gcc-11.3.1/mpfr-4.2.0-m7mkmzmf3zi67bey54fhqinqknpjei7z/lib -Wl -rpath /usr/local/pace-apps/spack/packages/linux-rhel9-x86_64_v3/gcc-11.3.1/zlib-1.2.13-jv5y5e7lstxpe7urzow6wr42b44vclu3/lib -Wl -rpath /usr/local/pace-apps/spack/packages/linux-rhel9-x86_64_v3/gcc-11.3.1/zstd-1.5.5-zokfqscxl2bxqzikz5ftrnx6ugyaw4m5/lib -static-libstdc++ -static-libgcc' --with-build-config=spack]
  ignore line: [Thread model: posix]
  ignore line: [Supported LTO compression algorithms: zlib zstd]
  ignore line: [gcc version 12.3.0 (Spack GCC) ]
  ignore line: [COLLECT_GCC_OPTIONS='-fvisibility-inlines-hidden' '-fmessage-length=0' '-march=nocona' '-mtune=haswell' '-ftree-vectorize' '-fPIC' '-fstack-protector-strong' '-fno-plt' '-O2' '-ffunction-sections' '-pipe' '-isystem' '/home/hice1/jyou79/.conda/envs/nest/include' '-v' '-o' 'CMakeFiles/cmTC_9eda5.dir/CMakeCXXCompilerABI.cpp.o' '-c' '-shared-libgcc' '-dumpdir' 'CMakeFiles/cmTC_9eda5.dir/']
  ignore line: [ /usr/local/pace-apps/spack/packages/linux-rhel9-x86_64_v3/gcc-11.3.1/gcc-12.3.0-ukkkutsxfl5kpnnaxflpkq2jtliwthfz/libexec/gcc/x86_64-pc-linux-gnu/12.3.0/cc1plus -quiet -v -iprefix /storage/pace-apps/spack/packages/linux-rhel9-x86_64_v3/gcc-11.3.1/gcc-12.3.0-ukkkutsxfl5kpnnaxflpkq2jtliwthfz/bin/../lib/gcc/x86_64-pc-linux-gnu/12.3.0/ -D_GNU_SOURCE -isystem /home/hice1/jyou79/.conda/envs/nest/include /home/hice1/jyou79/.conda/envs/nest/share/cmake-3.25/Modules/CMakeCXXCompilerABI.cpp -quiet -dumpdir CMakeFiles/cmTC_9eda5.dir/ -dumpbase CMakeCXXCompilerABI.cpp.cpp -dumpbase-ext .cpp -march=nocona -mtune=haswell -O2 -version -fvisibility-inlines-hidden -fmessage-length=0 -ftree-vectorize -fPIC -fstack-protector-strong -fno-plt -ffunction-sections -o - |]
  ignore line: [ as -v --64 -o CMakeFiles/cmTC_9eda5.dir/CMakeCXXCompilerABI.cpp.o]
  ignore line: [GNU assembler version 2.39 (x86_64-conda-linux-gnu) using BFD version (GNU Binutils) 2.39]
  ignore line: [GNU C++17 (Spack GCC) version 12.3.0 (x86_64-pc-linux-gnu)]
  ignore line: [	compiled by GNU C version 12.3.0  GMP version 6.2.1  MPFR version 4.2.0  MPC version 1.3.1  isl version none]
  ignore line: [GGC heuristics: --param ggc-min-expand=100 --param ggc-min-heapsize=131072]
  ignore line: [ignoring nonexistent directory "/storage/pace-apps/spack/packages/linux-rhel9-x86_64_v3/gcc-11.3.1/gcc-12.3.0-ukkkutsxfl5kpnnaxflpkq2jtliwthfz/bin/../lib/gcc/x86_64-pc-linux-gnu/12.3.0/../../../../x86_64-pc-linux-gnu/include"]
  ignore line: [ignoring duplicate directory "/storage/pace-apps/spack/packages/linux-rhel9-x86_64_v3/gcc-11.3.1/gcc-12.3.0-ukkkutsxfl5kpnnaxflpkq2jtliwthfz/bin/../lib/gcc/../../lib/gcc/x86_64-pc-linux-gnu/12.3.0/../../../../include/c++/12.3.0"]
  ignore line: [ignoring duplicate directory "/storage/pace-apps/spack/packages/linux-rhel9-x86_64_v3/gcc-11.3.1/gcc-12.3.0-ukkkutsxfl5kpnnaxflpkq2jtliwthfz/bin/../lib/gcc/../../lib/gcc/x86_64-pc-linux-gnu/12.3.0/../../../../include/c++/12.3.0/x86_64-pc-linux-gnu"]
  ignore line: [ignoring duplicate directory "/storage/pace-apps/spack/packages/linux-rhel9-x86_64_v3/gcc-11.3.1/gcc-12.3.0-ukkkutsxfl5kpnnaxflpkq2jtliwthfz/bin/../lib/gcc/../../lib/gcc/x86_64-pc-linux-gnu/12.3.0/../../../../include/c++/12.3.0/backward"]
  ignore line: [ignoring duplicate directory "/storage/pace-apps/spack/packages/linux-rhel9-x86_64_v3/gcc-11.3.1/gcc-12.3.0-ukkkutsxfl5kpnnaxflpkq2jtliwthfz/bin/../lib/gcc/../../lib/gcc/x86_64-pc-linux-gnu/12.3.0/include"]
  ignore line: [ignoring duplicate directory "/storage/pace-apps/spack/packages/linux-rhel9-x86_64_v3/gcc-11.3.1/gcc-12.3.0-ukkkutsxfl5kpnnaxflpkq2jtliwthfz/bin/../lib/gcc/../../lib/gcc/x86_64-pc-linux-gnu/12.3.0/include-fixed"]
  ignore line: [ignoring nonexistent directory "/storage/pace-apps/spack/packages/linux-rhel9-x86_64_v3/gcc-11.3.1/gcc-12.3.0-ukkkutsxfl5kpnnaxflpkq2jtliwthfz/bin/../lib/gcc/../../lib/gcc/x86_64-pc-linux-gnu/12.3.0/../../../../x86_64-pc-linux-gnu/include"]
  ignore line: [ignoring duplicate directory "/usr/local/pace-apps/spack/packages/linux-rhel9-x86_64_v3/gcc-11.3.1/gcc-12.3.0-ukkkutsxfl5kpnnaxflpkq2jtliwthfz/include"]
  ignore line: [  as it is a non-system directory that duplicates a system directory]
  ignore line: [#include "..." search starts here:]
  ignore line: [#include <...> search starts here:]
  ignore line: [ /usr/local/pace-apps/spack/packages/linux-rhel9-x86_64_v3/gcc-12.3.0/mvapich2-2.3.7-1-qv3gjagtbx5e3rlbdy6iy2sfczryftyt/include]
  ignore line: [ /opt/slurm/current/include]
  ignore line: [ /opt/pmix/4.2.6/include]
  ignore line: [ /usr/local/pace-apps/spack/packages/linux-rhel9-x86_64_v3/gcc-12.3.0/libpciaccess-0.17-pjfe4ct4gfm5k26s36hmewhbz4k232dl/include]
  ignore line: [ /usr/local/pace-apps/spack/packages/linux-rhel9-x86_64_v3/gcc-12.3.0/zlib-1.2.13-3qhjpij2pji47kfanmlflvwk5ljcn5lh/include]
  ignore line: [ /usr/local/pace-apps/spack/packages/linux-rhel9-x86_64_v3/gcc-12.3.0/mpc-1.3.1-3zvixith5i243hwiill4exyu3lf2q6ad/include]
  ignore line: [ /usr/local/pace-apps/spack/packages/linux-rhel9-x86_64_v3/gcc-12.3.0/mpfr-4.2.0-tox4bdsc25zr763rnq5gzlukfbvw7uj7/include]
  ignore line: [ /usr/local/pace-apps/spack/packages/linux-rhel9-x86_64_v3/gcc-12.3.0/gmp-6.2.1-n7dzsse5e3f6w5z6q6cuqursydg6yypo/include]
  ignore line: [ /home/hice1/jyou79/.conda/envs/nest/include]
  ignore line: [ /storage/pace-apps/spack/packages/linux-rhel9-x86_64_v3/gcc-11.3.1/gcc-12.3.0-ukkkutsxfl5kpnnaxflpkq2jtliwthfz/bin/../lib/gcc/x86_64-pc-linux-gnu/12.3.0/../../../../include/c++/12.3.0]
  ignore line: [ /storage/pace-apps/spack/packages/linux-rhel9-x86_64_v3/gcc-11.3.1/gcc-12.3.0-ukkkutsxfl5kpnnaxflpkq2jtliwthfz/bin/../lib/gcc/x86_64-pc-linux-gnu/12.3.0/../../../../include/c++/12.3.0/x86_64-pc-linux-gnu]
  ignore line: [ /storage/pace-apps/spack/packages/linux-rhel9-x86_64_v3/gcc-11.3.1/gcc-12.3.0-ukkkutsxfl5kpnnaxflpkq2jtliwthfz/bin/../lib/gcc/x86_64-pc-linux-gnu/12.3.0/../../../../include/c++/12.3.0/backward]
  ignore line: [ /storage/pace-apps/spack/packages/linux-rhel9-x86_64_v3/gcc-11.3.1/gcc-12.3.0-ukkkutsxfl5kpnnaxflpkq2jtliwthfz/bin/../lib/gcc/x86_64-pc-linux-gnu/12.3.0/include]
  ignore line: [ /storage/pace-apps/spack/packages/linux-rhel9-x86_64_v3/gcc-11.3.1/gcc-12.3.0-ukkkutsxfl5kpnnaxflpkq2jtliwthfz/bin/../lib/gcc/x86_64-pc-linux-gnu/12.3.0/include-fixed]
  ignore line: [ /usr/local/include]
  ignore line: [ /storage/pace-apps/spack/packages/linux-rhel9-x86_64_v3/gcc-11.3.1/gcc-12.3.0-ukkkutsxfl5kpnnaxflpkq2jtliwthfz/bin/../lib/gcc/../../include]
  ignore line: [ /usr/include]
  ignore line: [End of search list.]
  ignore line: [GNU C++17 (Spack GCC) version 12.3.0 (x86_64-pc-linux-gnu)]
  ignore line: [	compiled by GNU C version 12.3.0  GMP version 6.2.1  MPFR version 4.2.0  MPC version 1.3.1  isl version none]
  ignore line: [GGC heuristics: --param ggc-min-expand=100 --param ggc-min-heapsize=131072]
  ignore line: [Compiler executable checksum: 15ea45919fe9a40293fd103ba908f3d6]
  ignore line: [COMPILER_PATH=/usr/local/pace-apps/spack/packages/linux-rhel9-x86_64_v3/gcc-11.3.1/gcc-12.3.0-ukkkutsxfl5kpnnaxflpkq2jtliwthfz/libexec/gcc/x86_64-pc-linux-gnu/12.3.0/:/usr/local/pace-apps/spack/packages/linux-rhel9-x86_64_v3/gcc-11.3.1/gcc-12.3.0-ukkkutsxfl5kpnnaxflpkq2jtliwthfz/libexec/gcc/]
  ignore line: [LIBRARY_PATH=/usr/local/pace-apps/spack/packages/linux-rhel9-x86_64_v3/gcc-11.3.1/gcc-12.3.0-ukkkutsxfl5kpnnaxflpkq2jtliwthfz/lib/gcc/x86_64-pc-linux-gnu/12.3.0/:/usr/local/pace-apps/spack/packages/linux-rhel9-x86_64_v3/gcc-11.3.1/gcc-12.3.0-ukkkutsxfl5kpnnaxflpkq2jtliwthfz/lib/gcc/:/usr/local/pace-apps/spack/packages/linux-rhel9-x86_64_v3/gcc-11.3.1/gcc-12.3.0-ukkkutsxfl5kpnnaxflpkq2jtliwthfz/lib64/../lib64/:/usr/local/pace-apps/spack/packages/linux-rhel9-x86_64_v3/gcc-11.3.1/gcc-12.3.0-ukkkutsxfl5kpnnaxflpkq2jtliwthfz/lib/../lib64/:/storage/pace-apps/spack/packages/linux-rhel9-x86_64_v3/gcc-11.3.1/gcc-12.3.0-ukkkutsxfl5kpnnaxflpkq2jtliwthfz/bin/../lib/gcc/x86_64-pc-linux-gnu/12.3.0/../../../../lib64/:/lib/../lib64/:/usr/lib/../lib64/:/usr/local/pace-apps/spack/packages/linux-rhel9-x86_64_v3/gcc-12.3.0/mvapich2-2.3.7-1-qv3gjagtbx5e3rlbdy6iy2sfczryftyt/lib/:/opt/slurm/current/lib/:/opt/pmix/4.2.6/lib/:/usr/local/pace-apps/spack/packages/linux-rhel9-x86_64_v3/gcc-12.3.0/libpciaccess-0.17-pjfe4ct4gfm5k26s36hmewhbz4k232dl/lib/:/usr/local/pace-apps/spack/packages/linux-rhel9-x86_64_v3/gcc-11.3.1/gcc-12.3.0-ukkkutsxfl5kpnnaxflpkq2jtliwthfz/lib64/:/usr/local/pace-apps/spack/packages/linux-rhel9-x86_64_v3/gcc-11.3.1/gcc-12.3.0-ukkkutsxfl5kpnnaxflpkq2jtliwthfz/lib/:/usr/local/pace-apps/spack/packages/linux-rhel9-x86_64_v3/gcc-12.3.0/zlib-1.2.13-3qhjpij2pji47kfanmlflvwk5ljcn5lh/lib/:/usr/local/pace-apps/spack/packages/linux-rhel9-x86_64_v3/gcc-12.3.0/mpc-1.3.1-3zvixith5i243hwiill4exyu3lf2q6ad/lib/:/usr/local/pace-apps/spack/packages/linux-rhel9-x86_64_v3/gcc-12.3.0/mpfr-4.2.0-tox4bdsc25zr763rnq5gzlukfbvw7uj7/lib/:/usr/local/pace-apps/spack/packages/linux-rhel9-x86_64_v3/gcc-12.3.0/gmp-6.2.1-n7dzsse5e3f6w5z6q6cuqursydg6yypo/lib/:/storage/pace-apps/spack/packages/linux-rhel9-x86_64_v3/gcc-11.3.1/gcc-12.3.0-ukkkutsxfl5kpnnaxflpkq2jtliwthfz/bin/../lib/gcc/x86_64-pc-linux-gnu/12.3.0/../../../:/lib/:/usr/lib/]
  ignore line: [COLLECT_GCC_OPTIONS='-fvisibility-inlines-hidden' '-fmessage-length=0' '-march=nocona' '-mtune=haswell' '-ftree-vectorize' '-fPIC' '-fstack-protector-strong' '-fno-plt' '-O2' '-ffunction-sections' '-pipe' '-isystem' '/home/hice1/jyou79/.conda/envs/nest/include' '-v' '-o' 'CMakeFiles/cmTC_9eda5.dir/CMakeCXXCompilerABI.cpp.o' '-c' '-shared-libgcc' '-dumpdir' 'CMakeFiles/cmTC_9eda5.dir/CMakeCXXCompilerABI.cpp.']
  ignore line: [Linking CXX executable cmTC_9eda5]
  ignore line: [/home/hice1/jyou79/.conda/envs/nest/bin/cmake -E cmake_link_script CMakeFiles/cmTC_9eda5.dir/link.txt --verbose=1]
  ignore line: [/usr/local/pace-apps/spack/packages/linux-rhel9-x86_64_v3/gcc-11.3.1/gcc-12.3.0-ukkkutsxfl5kpnnaxflpkq2jtliwthfz/bin/c++ -fvisibility-inlines-hidden -fmessage-length=0 -march=nocona -mtune=haswell -ftree-vectorize -fPIC -fstack-protector-strong -fno-plt -O2 -ffunction-sections -pipe -isystem /home/hice1/jyou79/.conda/envs/nest/include  -Wl -O2 -Wl --sort-common -Wl --as-needed -Wl -z relro -Wl -z now -Wl --disable-new-dtags -Wl --gc-sections -Wl --allow-shlib-undefined -Wl -rpath /home/hice1/jyou79/.conda/envs/nest/lib -Wl -rpath-link /home/hice1/jyou79/.conda/envs/nest/lib -L/home/hice1/jyou79/.conda/envs/nest/lib -v -rdynamic CMakeFiles/cmTC_9eda5.dir/CMakeCXXCompilerABI.cpp.o -o cmTC_9eda5 ]
  ignore line: [Reading specs from /usr/local/pace-apps/spack/packages/linux-rhel9-x86_64_v3/gcc-11.3.1/gcc-12.3.0-ukkkutsxfl5kpnnaxflpkq2jtliwthfz/lib/gcc/x86_64-pc-linux-gnu/12.3.0/specs]
  ignore line: [COLLECT_GCC=/usr/local/pace-apps/spack/packages/linux-rhel9-x86_64_v3/gcc-11.3.1/gcc-12.3.0-ukkkutsxfl5kpnnaxflpkq2jtliwthfz/bin/c++]
  ignore line: [COLLECT_LTO_WRAPPER=/usr/local/pace-apps/spack/packages/linux-rhel9-x86_64_v3/gcc-11.3.1/gcc-12.3.0-ukkkutsxfl5kpnnaxflpkq2jtliwthfz/libexec/gcc/x86_64-pc-linux-gnu/12.3.0/lto-wrapper]
  ignore line: [Target: x86_64-pc-linux-gnu]
  ignore line: [Configured with: /usr/local/pace-apps/spack-cache/stage/pace-rrahaman6/spack-stage-gcc-12.3.0-ukkkutsxfl5kpnnaxflpkq2jtliwthfz/spack-src/configure --prefix=/usr/local/pace-apps/spack/packages/linux-rhel9-x86_64_v3/gcc-11.3.1/gcc-12.3.0-ukkkutsxfl5kpnnaxflpkq2jtliwthfz --with-pkgversion='Spack GCC' --with-bugurl=https://github.com/spack/spack/issues --disable-multilib --enable-languages=c c++ fortran --disable-nls --disable-canonical-system-headers --with-system-zlib --with-zstd-include=/usr/local/pace-apps/spack/packages/linux-rhel9-x86_64_v3/gcc-11.3.1/zstd-1.5.5-zokfqscxl2bxqzikz5ftrnx6ugyaw4m5/include --with-zstd-lib=/usr/local/pace-apps/spack/packages/linux-rhel9-x86_64_v3/gcc-11.3.1/zstd-1.5.5-zokfqscxl2bxqzikz5ftrnx6ugyaw4m5/lib --enable-bootstrap --with-mpfr-include=/usr/local/pace-apps/spack/packages/linux-rhel9-x86_64_v3/gcc-11.3.1/mpfr-4.2.0-m7mkmzmf3zi67bey54fhqinqknpjei7z/include --with-mpfr-lib=/usr/local/pace-apps/spack/packages/linux-rhel9-x86_64_v3/gcc-11.3.1/mpfr-4.2.0-m7mkmzmf3zi67bey54fhqinqknpjei7z/lib --with-gmp-include=/usr/local/pace-apps/spack/packages/linux-rhel9-x86_64_v3/gcc-11.3.1/gmp-6.2.1-yttswsdfrtbfz56kfp7acyppb4gmc7ee/include --with-gmp-lib=/usr/local/pace-apps/spack/packages/linux-rhel9-x86_64_v3/gcc-11.3.1/gmp-6.2.1-yttswsdfrtbfz56kfp7acyppb4gmc7ee/lib --with-mpc-include=/usr/local/pace-apps/spack/packages/linux-rhel9-x86_64_v3/gcc-11.3.1/mpc-1.3.1-vtihikcqinvygakbpbdbldbt62wrswhy/include --with-mpc-lib=/usr/local/pace-apps/spack/packages/linux-rhel9-x86_64_v3/gcc-11.3.1/mpc-1.3.1-vtihikcqinvygakbpbdbldbt62wrswhy/lib --without-isl --with-stage1-ldflags='-Wl -rpath /usr/local/pace-apps/spack/packages/linux-rhel9-x86_64_v3/gcc-11.3.1/gcc-12.3.0-ukkkutsxfl5kpnnaxflpkq2jtliwthfz/lib -Wl -rpath /usr/local/pace-apps/spack/packages/linux-rhel9-x86_64_v3/gcc-11.3.1/gcc-12.3.0-ukkkutsxfl5kpnnaxflpkq2jtliwthfz/lib64 -Wl -rpath /usr/local/pace-apps/spack/packages/linux-rhel9-x86_64_v3/gcc-11.3.1/gmp-6.2.1-yttswsdfrtbfz56kfp7acyppb4gmc7ee/lib -Wl -rpath /usr/local/pace-apps/spack/packages/linux-rhel9-x86_64_v3/gcc-11.3.1/mpc-1.3.1-vtihikcqinvygakbpbdbldbt62wrswhy/lib -Wl -rpath /usr/local/pace-apps/spack/packages/linux-rhel9-x86_64_v3/gcc-11.3.1/mpfr-4.2.0-m7mkmzmf3zi67bey54fhqinqknpjei7z/lib -Wl -rpath /usr/local/pace-apps/spack/packages/linux-rhel9-x86_64_v3/gcc-11.3.1/zlib-1.2.13-jv5y5e7lstxpe7urzow6wr42b44vclu3/lib -Wl -rpath /usr/local/pace-apps/spack/packages/linux-rhel9-x86_64_v3/gcc-11.3.1/zstd-1.5.5-zokfqscxl2bxqzikz5ftrnx6ugyaw4m5/lib' --with-boot-ldflags='-Wl -rpath /usr/local/pace-apps/spack/packages/linux-rhel9-x86_64_v3/gcc-11.3.1/gcc-12.3.0-ukkkutsxfl5kpnnaxflpkq2jtliwthfz/lib -Wl -rpath /usr/local/pace-apps/spack/packages/linux-rhel9-x86_64_v3/gcc-11.3.1/gcc-12.3.0-ukkkutsxfl5kpnnaxflpkq2jtliwthfz/lib64 -Wl -rpath /usr/local/pace-apps/spack/packages/linux-rhel9-x86_64_v3/gcc-11.3.1/gmp-6.2.1-yttswsdfrtbfz56kfp7acyppb4gmc7ee/lib -Wl -rpath /usr/local/pace-apps/spack/packages/linux-rhel9-x86_64_v3/gcc-11.3.1/mpc-1.3.1-vtihikcqinvygakbpbdbldbt62wrswhy/lib -Wl -rpath /usr/local/pace-apps/spack/packages/linux-rhel9-x86_64_v3/gcc-11.3.1/mpfr-4.2.0-m7mkmzmf3zi67bey54fhqinqknpjei7z/lib -Wl -rpath /usr/local/pace-apps/spack/packages/linux-rhel9-x86_64_v3/gcc-11.3.1/zlib-1.2.13-jv5y5e7lstxpe7urzow6wr42b44vclu3/lib -Wl -rpath /usr/local/pace-apps/spack/packages/linux-rhel9-x86_64_v3/gcc-11.3.1/zstd-1.5.5-zokfqscxl2bxqzikz5ftrnx6ugyaw4m5/lib -static-libstdc++ -static-libgcc' --with-build-config=spack]
  ignore line: [Thread model: posix]
  ignore line: [Supported LTO compression algorithms: zlib zstd]
  ignore line: [gcc version 12.3.0 (Spack GCC) ]
  ignore line: [COMPILER_PATH=/usr/local/pace-apps/spack/packages/linux-rhel9-x86_64_v3/gcc-11.3.1/gcc-12.3.0-ukkkutsxfl5kpnnaxflpkq2jtliwthfz/libexec/gcc/x86_64-pc-linux-gnu/12.3.0/:/usr/local/pace-apps/spack/packages/linux-rhel9-x86_64_v3/gcc-11.3.1/gcc-12.3.0-ukkkutsxfl5kpnnaxflpkq2jtliwthfz/libexec/gcc/]
  ignore line: [LIBRARY_PATH=/usr/local/pace-apps/spack/packages/linux-rhel9-x86_64_v3/gcc-11.3.1/gcc-12.3.0-ukkkutsxfl5kpnnaxflpkq2jtliwthfz/lib/gcc/x86_64-pc-linux-gnu/12.3.0/:/usr/local/pace-apps/spack/packages/linux-rhel9-x86_64_v3/gcc-11.3.1/gcc-12.3.0-ukkkutsxfl5kpnnaxflpkq2jtliwthfz/lib/gcc/:/usr/local/pace-apps/spack/packages/linux-rhel9-x86_64_v3/gcc-11.3.1/gcc-12.3.0-ukkkutsxfl5kpnnaxflpkq2jtliwthfz/lib64/../lib64/:/usr/local/pace-apps/spack/packages/linux-rhel9-x86_64_v3/gcc-11.3.1/gcc-12.3.0-ukkkutsxfl5kpnnaxflpkq2jtliwthfz/lib/../lib64/:/storage/pace-apps/spack/packages/linux-rhel9-x86_64_v3/gcc-11.3.1/gcc-12.3.0-ukkkutsxfl5kpnnaxflpkq2jtliwthfz/bin/../lib/gcc/x86_64-pc-linux-gnu/12.3.0/../../../../lib64/:/lib/../lib64/:/usr/lib/../lib64/:/usr/local/pace-apps/spack/packages/linux-rhel9-x86_64_v3/gcc-12.3.0/mvapich2-2.3.7-1-qv3gjagtbx5e3rlbdy6iy2sfczryftyt/lib/:/opt/slurm/current/lib/:/opt/pmix/4.2.6/lib/:/usr/local/pace-apps/spack/packages/linux-rhel9-x86_64_v3/gcc-12.3.0/libpciaccess-0.17-pjfe4ct4gfm5k26s36hmewhbz4k232dl/lib/:/usr/local/pace-apps/spack/packages/linux-rhel9-x86_64_v3/gcc-11.3.1/gcc-12.3.0-ukkkutsxfl5kpnnaxflpkq2jtliwthfz/lib64/:/usr/local/pace-apps/spack/packages/linux-rhel9-x86_64_v3/gcc-11.3.1/gcc-12.3.0-ukkkutsxfl5kpnnaxflpkq2jtliwthfz/lib/:/usr/local/pace-apps/spack/packages/linux-rhel9-x86_64_v3/gcc-12.3.0/zlib-1.2.13-3qhjpij2pji47kfanmlflvwk5ljcn5lh/lib/:/usr/local/pace-apps/spack/packages/linux-rhel9-x86_64_v3/gcc-12.3.0/mpc-1.3.1-3zvixith5i243hwiill4exyu3lf2q6ad/lib/:/usr/local/pace-apps/spack/packages/linux-rhel9-x86_64_v3/gcc-12.3.0/mpfr-4.2.0-tox4bdsc25zr763rnq5gzlukfbvw7uj7/lib/:/usr/local/pace-apps/spack/packages/linux-rhel9-x86_64_v3/gcc-12.3.0/gmp-6.2.1-n7dzsse5e3f6w5z6q6cuqursydg6yypo/lib/:/storage/pace-apps/spack/packages/linux-rhel9-x86_64_v3/gcc-11.3.1/gcc-12.3.0-ukkkutsxfl5kpnnaxflpkq2jtliwthfz/bin/../lib/gcc/x86_64-pc-linux-gnu/12.3.0/../../../:/lib/:/usr/lib/]
  ignore line: [COLLECT_GCC_OPTIONS='-fvisibility-inlines-hidden' '-fmessage-length=0' '-march=nocona' '-mtune=haswell' '-ftree-vectorize' '-fPIC' '-fstack-protector-strong' '-fno-plt' '-O2' '-ffunction-sections' '-pipe' '-isystem' '/home/hice1/jyou79/.conda/envs/nest/include' '-L/home/hice1/jyou79/.conda/envs/nest/lib' '-v' '-rdynamic' '-o' 'cmTC_9eda5' '-shared-libgcc' '-dumpdir' 'cmTC_9eda5.']
  link line: [ /usr/local/pace-apps/spack/packages/linux-rhel9-x86_64_v3/gcc-11.3.1/gcc-12.3.0-ukkkutsxfl5kpnnaxflpkq2jtliwthfz/libexec/gcc/x86_64-pc-linux-gnu/12.3.0/collect2 -plugin /usr/local/pace-apps/spack/packages/linux-rhel9-x86_64_v3/gcc-11.3.1/gcc-12.3.0-ukkkutsxfl5kpnnaxflpkq2jtliwthfz/libexec/gcc/x86_64-pc-linux-gnu/12.3.0/liblto_plugin.so -plugin-opt=/usr/local/pace-apps/spack/packages/linux-rhel9-x86_64_v3/gcc-11.3.1/gcc-12.3.0-ukkkutsxfl5kpnnaxflpkq2jtliwthfz/libexec/gcc/x86_64-pc-linux-gnu/12.3.0/lto-wrapper -plugin-opt=-fresolution=/tmp/cchTY468.res -plugin-opt=-pass-through=-lgcc_s -plugin-opt=-pass-through=-lgcc -plugin-opt=-pass-through=-lc -plugin-opt=-pass-through=-lgcc_s -plugin-opt=-pass-through=-lgcc --eh-frame-hdr -m elf_x86_64 -export-dynamic -dynamic-linker /lib64/ld-linux-x86-64.so.2 -o cmTC_9eda5 /lib/../lib64/crt1.o /lib/../lib64/crti.o /usr/local/pace-apps/spack/packages/linux-rhel9-x86_64_v3/gcc-11.3.1/gcc-12.3.0-ukkkutsxfl5kpnnaxflpkq2jtliwthfz/lib/gcc/x86_64-pc-linux-gnu/12.3.0/crtbegin.o -L/home/hice1/jyou79/.conda/envs/nest/lib -rpath /usr/local/pace-apps/spack/packages/linux-rhel9-x86_64_v3/gcc-11.3.1/gcc-12.3.0-ukkkutsxfl5kpnnaxflpkq2jtliwthfz/lib64 -L/usr/local/pace-apps/spack/packages/linux-rhel9-x86_64_v3/gcc-11.3.1/gcc-12.3.0-ukkkutsxfl5kpnnaxflpkq2jtliwthfz/lib/gcc/x86_64-pc-linux-gnu/12.3.0 -L/usr/local/pace-apps/spack/packages/linux-rhel9-x86_64_v3/gcc-11.3.1/gcc-12.3.0-ukkkutsxfl5kpnnaxflpkq2jtliwthfz/lib/gcc -L/usr/local/pace-apps/spack/packages/linux-rhel9-x86_64_v3/gcc-11.3.1/gcc-12.3.0-ukkkutsxfl5kpnnaxflpkq2jtliwthfz/lib64/../lib64 -L/usr/local/pace-apps/spack/packages/linux-rhel9-x86_64_v3/gcc-11.3.1/gcc-12.3.0-ukkkutsxfl5kpnnaxflpkq2jtliwthfz/lib/../lib64 -L/storage/pace-apps/spack/packages/linux-rhel9-x86_64_v3/gcc-11.3.1/gcc-12.3.0-ukkkutsxfl5kpnnaxflpkq2jtliwthfz/bin/../lib/gcc/x86_64-pc-linux-gnu/12.3.0/../../../../lib64 -L/lib/../lib64 -L/usr/lib/../lib64 -L/usr/local/pace-apps/spack/packages/linux-rhel9-x86_64_v3/gcc-12.3.0/mvapich2-2.3.7-1-qv3gjagtbx5e3rlbdy6iy2sfczryftyt/lib -L/opt/slurm/current/lib -L/opt/pmix/4.2.6/lib -L/usr/local/pace-apps/spack/packages/linux-rhel9-x86_64_v3/gcc-12.3.0/libpciaccess-0.17-pjfe4ct4gfm5k26s36hmewhbz4k232dl/lib -L/usr/local/pace-apps/spack/packages/linux-rhel9-x86_64_v3/gcc-11.3.1/gcc-12.3.0-ukkkutsxfl5kpnnaxflpkq2jtliwthfz/lib64 -L/usr/local/pace-apps/spack/packages/linux-rhel9-x86_64_v3/gcc-11.3.1/gcc-12.3.0-ukkkutsxfl5kpnnaxflpkq2jtliwthfz/lib -L/usr/local/pace-apps/spack/packages/linux-rhel9-x86_64_v3/gcc-12.3.0/zlib-1.2.13-3qhjpij2pji47kfanmlflvwk5ljcn5lh/lib -L/usr/local/pace-apps/spack/packages/linux-rhel9-x86_64_v3/gcc-12.3.0/mpc-1.3.1-3zvixith5i243hwiill4exyu3lf2q6ad/lib -L/usr/local/pace-apps/spack/packages/linux-rhel9-x86_64_v3/gcc-12.3.0/mpfr-4.2.0-tox4bdsc25zr763rnq5gzlukfbvw7uj7/lib -L/usr/local/pace-apps/spack/packages/linux-rhel9-x86_64_v3/gcc-12.3.0/gmp-6.2.1-n7dzsse5e3f6w5z6q6cuqursydg6yypo/lib -L/storage/pace-apps/spack/packages/linux-rhel9-x86_64_v3/gcc-11.3.1/gcc-12.3.0-ukkkutsxfl5kpnnaxflpkq2jtliwthfz/bin/../lib/gcc/x86_64-pc-linux-gnu/12.3.0/../../.. -O2 --sort-common --as-needed -z relro -z now --disable-new-dtags --gc-sections --allow-shlib-undefined -rpath /home/hice1/jyou79/.conda/envs/nest/lib -rpath-link /home/hice1/jyou79/.conda/envs/nest/lib CMakeFiles/cmTC_9eda5.dir/CMakeCXXCompilerABI.cpp.o -lstdc++ -lm -lgcc_s -lgcc -lc -lgcc_s -lgcc /usr/local/pace-apps/spack/packages/linux-rhel9-x86_64_v3/gcc-11.3.1/gcc-12.3.0-ukkkutsxfl5kpnnaxflpkq2jtliwthfz/lib/gcc/x86_64-pc-linux-gnu/12.3.0/crtend.o /lib/../lib64/crtn.o]
    arg [/usr/local/pace-apps/spack/packages/linux-rhel9-x86_64_v3/gcc-11.3.1/gcc-12.3.0-ukkkutsxfl5kpnnaxflpkq2jtliwthfz/libexec/gcc/x86_64-pc-linux-gnu/12.3.0/collect2] ==> ignore
    arg [-plugin] ==> ignore
    arg [/usr/local/pace-apps/spack/packages/linux-rhel9-x86_64_v3/gcc-11.3.1/gcc-12.3.0-ukkkutsxfl5kpnnaxflpkq2jtliwthfz/libexec/gcc/x86_64-pc-linux-gnu/12.3.0/liblto_plugin.so] ==> ignore
    arg [-plugin-opt=/usr/local/pace-apps/spack/packages/linux-rhel9-x86_64_v3/gcc-11.3.1/gcc-12.3.0-ukkkutsxfl5kpnnaxflpkq2jtliwthfz/libexec/gcc/x86_64-pc-linux-gnu/12.3.0/lto-wrapper] ==> ignore
    arg [-plugin-opt=-fresolution=/tmp/cchTY468.res] ==> ignore
    arg [-plugin-opt=-pass-through=-lgcc_s] ==> ignore
    arg [-plugin-opt=-pass-through=-lgcc] ==> ignore
    arg [-plugin-opt=-pass-through=-lc] ==> ignore
    arg [-plugin-opt=-pass-through=-lgcc_s] ==> ignore
    arg [-plugin-opt=-pass-through=-lgcc] ==> ignore
    arg [--eh-frame-hdr] ==> ignore
    arg [-m] ==> ignore
    arg [elf_x86_64] ==> ignore
    arg [-export-dynamic] ==> ignore
    arg [-dynamic-linker] ==> ignore
    arg [/lib64/ld-linux-x86-64.so.2] ==> ignore
    arg [-o] ==> ignore
    arg [cmTC_9eda5] ==> ignore
    arg [/lib/../lib64/crt1.o] ==> obj [/lib/../lib64/crt1.o]
    arg [/lib/../lib64/crti.o] ==> obj [/lib/../lib64/crti.o]
    arg [/usr/local/pace-apps/spack/packages/linux-rhel9-x86_64_v3/gcc-11.3.1/gcc-12.3.0-ukkkutsxfl5kpnnaxflpkq2jtliwthfz/lib/gcc/x86_64-pc-linux-gnu/12.3.0/crtbegin.o] ==> obj [/usr/local/pace-apps/spack/packages/linux-rhel9-x86_64_v3/gcc-11.3.1/gcc-12.3.0-ukkkutsxfl5kpnnaxflpkq2jtliwthfz/lib/gcc/x86_64-pc-linux-gnu/12.3.0/crtbegin.o]
    arg [-L/home/hice1/jyou79/.conda/envs/nest/lib] ==> dir [/home/hice1/jyou79/.conda/envs/nest/lib]
    arg [-rpath] ==> ignore
    arg [/usr/local/pace-apps/spack/packages/linux-rhel9-x86_64_v3/gcc-11.3.1/gcc-12.3.0-ukkkutsxfl5kpnnaxflpkq2jtliwthfz/lib64] ==> ignore
    arg [-L/usr/local/pace-apps/spack/packages/linux-rhel9-x86_64_v3/gcc-11.3.1/gcc-12.3.0-ukkkutsxfl5kpnnaxflpkq2jtliwthfz/lib/gcc/x86_64-pc-linux-gnu/12.3.0] ==> dir [/usr/local/pace-apps/spack/packages/linux-rhel9-x86_64_v3/gcc-11.3.1/gcc-12.3.0-ukkkutsxfl5kpnnaxflpkq2jtliwthfz/lib/gcc/x86_64-pc-linux-gnu/12.3.0]
    arg [-L/usr/local/pace-apps/spack/packages/linux-rhel9-x86_64_v3/gcc-11.3.1/gcc-12.3.0-ukkkutsxfl5kpnnaxflpkq2jtliwthfz/lib/gcc] ==> dir [/usr/local/pace-apps/spack/packages/linux-rhel9-x86_64_v3/gcc-11.3.1/gcc-12.3.0-ukkkutsxfl5kpnnaxflpkq2jtliwthfz/lib/gcc]
    arg [-L/usr/local/pace-apps/spack/packages/linux-rhel9-x86_64_v3/gcc-11.3.1/gcc-12.3.0-ukkkutsxfl5kpnnaxflpkq2jtliwthfz/lib64/../lib64] ==> dir [/usr/local/pace-apps/spack/packages/linux-rhel9-x86_64_v3/gcc-11.3.1/gcc-12.3.0-ukkkutsxfl5kpnnaxflpkq2jtliwthfz/lib64/../lib64]
    arg [-L/usr/local/pace-apps/spack/packages/linux-rhel9-x86_64_v3/gcc-11.3.1/gcc-12.3.0-ukkkutsxfl5kpnnaxflpkq2jtliwthfz/lib/../lib64] ==> dir [/usr/local/pace-apps/spack/packages/linux-rhel9-x86_64_v3/gcc-11.3.1/gcc-12.3.0-ukkkutsxfl5kpnnaxflpkq2jtliwthfz/lib/../lib64]
    arg [-L/storage/pace-apps/spack/packages/linux-rhel9-x86_64_v3/gcc-11.3.1/gcc-12.3.0-ukkkutsxfl5kpnnaxflpkq2jtliwthfz/bin/../lib/gcc/x86_64-pc-linux-gnu/12.3.0/../../../../lib64] ==> dir [/storage/pace-apps/spack/packages/linux-rhel9-x86_64_v3/gcc-11.3.1/gcc-12.3.0-ukkkutsxfl5kpnnaxflpkq2jtliwthfz/bin/../lib/gcc/x86_64-pc-linux-gnu/12.3.0/../../../../lib64]
    arg [-L/lib/../lib64] ==> dir [/lib/../lib64]
    arg [-L/usr/lib/../lib64] ==> dir [/usr/lib/../lib64]
    arg [-L/usr/local/pace-apps/spack/packages/linux-rhel9-x86_64_v3/gcc-12.3.0/mvapich2-2.3.7-1-qv3gjagtbx5e3rlbdy6iy2sfczryftyt/lib] ==> dir [/usr/local/pace-apps/spack/packages/linux-rhel9-x86_64_v3/gcc-12.3.0/mvapich2-2.3.7-1-qv3gjagtbx5e3rlbdy6iy2sfczryftyt/lib]
    arg [-L/opt/slurm/current/lib] ==> dir [/opt/slurm/current/lib]
    arg [-L/opt/pmix/4.2.6/lib] ==> dir [/opt/pmix/4.2.6/lib]
    arg [-L/usr/local/pace-apps/spack/packages/linux-rhel9-x86_64_v3/gcc-12.3.0/libpciaccess-0.17-pjfe4ct4gfm5k26s36hmewhbz4k232dl/lib] ==> dir [/usr/local/pace-apps/spack/packages/linux-rhel9-x86_64_v3/gcc-12.3.0/libpciaccess-0.17-pjfe4ct4gfm5k26s36hmewhbz4k232dl/lib]
    arg [-L/usr/local/pace-apps/spack/packages/linux-rhel9-x86_64_v3/gcc-11.3.1/gcc-12.3.0-ukkkutsxfl5kpnnaxflpkq2jtliwthfz/lib64] ==> dir [/usr/local/pace-apps/spack/packages/linux-rhel9-x86_64_v3/gcc-11.3.1/gcc-12.3.0-ukkkutsxfl5kpnnaxflpkq2jtliwthfz/lib64]
    arg [-L/usr/local/pace-apps/spack/packages/linux-rhel9-x86_64_v3/gcc-11.3.1/gcc-12.3.0-ukkkutsxfl5kpnnaxflpkq2jtliwthfz/lib] ==> dir [/usr/local/pace-apps/spack/packages/linux-rhel9-x86_64_v3/gcc-11.3.1/gcc-12.3.0-ukkkutsxfl5kpnnaxflpkq2jtliwthfz/lib]
    arg [-L/usr/local/pace-apps/spack/packages/linux-rhel9-x86_64_v3/gcc-12.3.0/zlib-1.2.13-3qhjpij2pji47kfanmlflvwk5ljcn5lh/lib] ==> dir [/usr/local/pace-apps/spack/packages/linux-rhel9-x86_64_v3/gcc-12.3.0/zlib-1.2.13-3qhjpij2pji47kfanmlflvwk5ljcn5lh/lib]
    arg [-L/usr/local/pace-apps/spack/packages/linux-rhel9-x86_64_v3/gcc-12.3.0/mpc-1.3.1-3zvixith5i243hwiill4exyu3lf2q6ad/lib] ==> dir [/usr/local/pace-apps/spack/packages/linux-rhel9-x86_64_v3/gcc-12.3.0/mpc-1.3.1-3zvixith5i243hwiill4exyu3lf2q6ad/lib]
    arg [-L/usr/local/pace-apps/spack/packages/linux-rhel9-x86_64_v3/gcc-12.3.0/mpfr-4.2.0-tox4bdsc25zr763rnq5gzlukfbvw7uj7/lib] ==> dir [/usr/local/pace-apps/spack/packages/linux-rhel9-x86_64_v3/gcc-12.3.0/mpfr-4.2.0-tox4bdsc25zr763rnq5gzlukfbvw7uj7/lib]
    arg [-L/usr/local/pace-apps/spack/packages/linux-rhel9-x86_64_v3/gcc-12.3.0/gmp-6.2.1-n7dzsse5e3f6w5z6q6cuqursydg6yypo/lib] ==> dir [/usr/local/pace-apps/spack/packages/linux-rhel9-x86_64_v3/gcc-12.3.0/gmp-6.2.1-n7dzsse5e3f6w5z6q6cuqursydg6yypo/lib]
    arg [-L/storage/pace-apps/spack/packages/linux-rhel9-x86_64_v3/gcc-11.3.1/gcc-12.3.0-ukkkutsxfl5kpnnaxflpkq2jtliwthfz/bin/../lib/gcc/x86_64-pc-linux-gnu/12.3.0/../../..] ==> dir [/storage/pace-apps/spack/packages/linux-rhel9-x86_64_v3/gcc-11.3.1/gcc-12.3.0-ukkkutsxfl5kpnnaxflpkq2jtliwthfz/bin/../lib/gcc/x86_64-pc-linux-gnu/12.3.0/../../..]
    arg [-O2] ==> ignore
    arg [--sort-common] ==> ignore
    arg [--as-needed] ==> ignore
    arg [-zrelro] ==> ignore
    arg [-znow] ==> ignore
    arg [--disable-new-dtags] ==> ignore
    arg [--gc-sections] ==> ignore
    arg [--allow-shlib-undefined] ==> ignore
    arg [-rpath] ==> ignore
    arg [/home/hice1/jyou79/.conda/envs/nest/lib] ==> ignore
    arg [-rpath-link] ==> ignore
    arg [/home/hice1/jyou79/.conda/envs/nest/lib] ==> ignore
    arg [CMakeFiles/cmTC_9eda5.dir/CMakeCXXCompilerABI.cpp.o] ==> ignore
    arg [-lstdc++] ==> lib [stdc++]
    arg [-lm] ==> lib [m]
    arg [-lgcc_s] ==> lib [gcc_s]
    arg [-lgcc] ==> lib [gcc]
    arg [-lc] ==> lib [c]
    arg [-lgcc_s] ==> lib [gcc_s]
    arg [-lgcc] ==> lib [gcc]
    arg [/usr/local/pace-apps/spack/packages/linux-rhel9-x86_64_v3/gcc-11.3.1/gcc-12.3.0-ukkkutsxfl5kpnnaxflpkq2jtliwthfz/lib/gcc/x86_64-pc-linux-gnu/12.3.0/crtend.o] ==> obj [/usr/local/pace-apps/spack/packages/linux-rhel9-x86_64_v3/gcc-11.3.1/gcc-12.3.0-ukkkutsxfl5kpnnaxflpkq2jtliwthfz/lib/gcc/x86_64-pc-linux-gnu/12.3.0/crtend.o]
    arg [/lib/../lib64/crtn.o] ==> obj [/lib/../lib64/crtn.o]
  collapse obj [/lib/../lib64/crt1.o] ==> [/lib64/crt1.o]
  collapse obj [/lib/../lib64/crti.o] ==> [/lib64/crti.o]
  collapse obj [/lib/../lib64/crtn.o] ==> [/lib64/crtn.o]
  collapse library dir [/home/hice1/jyou79/.conda/envs/nest/lib] ==> [/home/hice1/jyou79/.conda/envs/nest/lib]
  collapse library dir [/usr/local/pace-apps/spack/packages/linux-rhel9-x86_64_v3/gcc-11.3.1/gcc-12.3.0-ukkkutsxfl5kpnnaxflpkq2jtliwthfz/lib/gcc/x86_64-pc-linux-gnu/12.3.0] ==> [/usr/local/pace-apps/spack/packages/linux-rhel9-x86_64_v3/gcc-11.3.1/gcc-12.3.0-ukkkutsxfl5kpnnaxflpkq2jtliwthfz/lib/gcc/x86_64-pc-linux-gnu/12.3.0]
  collapse library dir [/usr/local/pace-apps/spack/packages/linux-rhel9-x86_64_v3/gcc-11.3.1/gcc-12.3.0-ukkkutsxfl5kpnnaxflpkq2jtliwthfz/lib/gcc] ==> [/usr/local/pace-apps/spack/packages/linux-rhel9-x86_64_v3/gcc-11.3.1/gcc-12.3.0-ukkkutsxfl5kpnnaxflpkq2jtliwthfz/lib/gcc]
  collapse library dir [/usr/local/pace-apps/spack/packages/linux-rhel9-x86_64_v3/gcc-11.3.1/gcc-12.3.0-ukkkutsxfl5kpnnaxflpkq2jtliwthfz/lib64/../lib64] ==> [/usr/local/pace-apps/spack/packages/linux-rhel9-x86_64_v3/gcc-11.3.1/gcc-12.3.0-ukkkutsxfl5kpnnaxflpkq2jtliwthfz/lib64]
  collapse library dir [/usr/local/pace-apps/spack/packages/linux-rhel9-x86_64_v3/gcc-11.3.1/gcc-12.3.0-ukkkutsxfl5kpnnaxflpkq2jtliwthfz/lib/../lib64] ==> [/usr/local/pace-apps/spack/packages/linux-rhel9-x86_64_v3/gcc-11.3.1/gcc-12.3.0-ukkkutsxfl5kpnnaxflpkq2jtliwthfz/lib64]
  collapse library dir [/storage/pace-apps/spack/packages/linux-rhel9-x86_64_v3/gcc-11.3.1/gcc-12.3.0-ukkkutsxfl5kpnnaxflpkq2jtliwthfz/bin/../lib/gcc/x86_64-pc-linux-gnu/12.3.0/../../../../lib64] ==> [/storage/pace-apps/spack/packages/linux-rhel9-x86_64_v3/gcc-11.3.1/gcc-12.3.0-ukkkutsxfl5kpnnaxflpkq2jtliwthfz/lib64]
  collapse library dir [/lib/../lib64] ==> [/lib64]
  collapse library dir [/usr/lib/../lib64] ==> [/usr/lib64]
  collapse library dir [/usr/local/pace-apps/spack/packages/linux-rhel9-x86_64_v3/gcc-12.3.0/mvapich2-2.3.7-1-qv3gjagtbx5e3rlbdy6iy2sfczryftyt/lib] ==> [/usr/local/pace-apps/spack/packages/linux-rhel9-x86_64_v3/gcc-12.3.0/mvapich2-2.3.7-1-qv3gjagtbx5e3rlbdy6iy2sfczryftyt/lib]
  collapse library dir [/opt/slurm/current/lib] ==> [/opt/slurm/current/lib]
  collapse library dir [/opt/pmix/4.2.6/lib] ==> [/opt/pmix/4.2.6/lib]
  collapse library dir [/usr/local/pace-apps/spack/packages/linux-rhel9-x86_64_v3/gcc-12.3.0/libpciaccess-0.17-pjfe4ct4gfm5k26s36hmewhbz4k232dl/lib] ==> [/usr/local/pace-apps/spack/packages/linux-rhel9-x86_64_v3/gcc-12.3.0/libpciaccess-0.17-pjfe4ct4gfm5k26s36hmewhbz4k232dl/lib]
  collapse library dir [/usr/local/pace-apps/spack/packages/linux-rhel9-x86_64_v3/gcc-11.3.1/gcc-12.3.0-ukkkutsxfl5kpnnaxflpkq2jtliwthfz/lib64] ==> [/usr/local/pace-apps/spack/packages/linux-rhel9-x86_64_v3/gcc-11.3.1/gcc-12.3.0-ukkkutsxfl5kpnnaxflpkq2jtliwthfz/lib64]
  collapse library dir [/usr/local/pace-apps/spack/packages/linux-rhel9-x86_64_v3/gcc-11.3.1/gcc-12.3.0-ukkkutsxfl5kpnnaxflpkq2jtliwthfz/lib] ==> [/usr/local/pace-apps/spack/packages/linux-rhel9-x86_64_v3/gcc-11.3.1/gcc-12.3.0-ukkkutsxfl5kpnnaxflpkq2jtliwthfz/lib]
  collapse library dir [/usr/local/pace-apps/spack/packages/linux-rhel9-x86_64_v3/gcc-12.3.0/zlib-1.2.13-3qhjpij2pji47kfanmlflvwk5ljcn5lh/lib] ==> [/usr/local/pace-apps/spack/packages/linux-rhel9-x86_64_v3/gcc-12.3.0/zlib-1.2.13-3qhjpij2pji47kfanmlflvwk5ljcn5lh/lib]
  collapse library dir [/usr/local/pace-apps/spack/packages/linux-rhel9-x86_64_v3/gcc-12.3.0/mpc-1.3.1-3zvixith5i243hwiill4exyu3lf2q6ad/lib] ==> [/usr/local/pace-apps/spack/packages/linux-rhel9-x86_64_v3/gcc-12.3.0/mpc-1.3.1-3zvixith5i243hwiill4exyu3lf2q6ad/lib]
  collapse library dir [/usr/local/pace-apps/spack/packages/linux-rhel9-x86_64_v3/gcc-12.3.0/mpfr-4.2.0-tox4bdsc25zr763rnq5gzlukfbvw7uj7/lib] ==> [/usr/local/pace-apps/spack/packages/linux-rhel9-x86_64_v3/gcc-12.3.0/mpfr-4.2.0-tox4bdsc25zr763rnq5gzlukfbvw7uj7/lib]
  collapse library dir [/usr/local/pace-apps/spack/packages/linux-rhel9-x86_64_v3/gcc-12.3.0/gmp-6.2.1-n7dzsse5e3f6w5z6q6cuqursydg6yypo/lib] ==> [/usr/local/pace-apps/spack/packages/linux-rhel9-x86_64_v3/gcc-12.3.0/gmp-6.2.1-n7dzsse5e3f6w5z6q6cuqursydg6yypo/lib]
  collapse library dir [/storage/pace-apps/spack/packages/linux-rhel9-x86_64_v3/gcc-11.3.1/gcc-12.3.0-ukkkutsxfl5kpnnaxflpkq2jtliwthfz/bin/../lib/gcc/x86_64-pc-linux-gnu/12.3.0/../../..] ==> [/storage/pace-apps/spack/packages/linux-rhel9-x86_64_v3/gcc-11.3.1/gcc-12.3.0-ukkkutsxfl5kpnnaxflpkq2jtliwthfz/lib]
  implicit libs: [stdc++;m;gcc_s;gcc;c;gcc_s;gcc]
  implicit objs: [/lib64/crt1.o;/lib64/crti.o;/usr/local/pace-apps/spack/packages/linux-rhel9-x86_64_v3/gcc-11.3.1/gcc-12.3.0-ukkkutsxfl5kpnnaxflpkq2jtliwthfz/lib/gcc/x86_64-pc-linux-gnu/12.3.0/crtbegin.o;/usr/local/pace-apps/spack/packages/linux-rhel9-x86_64_v3/gcc-11.3.1/gcc-12.3.0-ukkkutsxfl5kpnnaxflpkq2jtliwthfz/lib/gcc/x86_64-pc-linux-gnu/12.3.0/crtend.o;/lib64/crtn.o]
  implicit dirs: [/home/hice1/jyou79/.conda/envs/nest/lib;/usr/local/pace-apps/spack/packages/linux-rhel9-x86_64_v3/gcc-11.3.1/gcc-12.3.0-ukkkutsxfl5kpnnaxflpkq2jtliwthfz/lib/gcc/x86_64-pc-linux-gnu/12.3.0;/usr/local/pace-apps/spack/packages/linux-rhel9-x86_64_v3/gcc-11.3.1/gcc-12.3.0-ukkkutsxfl5kpnnaxflpkq2jtliwthfz/lib/gcc;/usr/local/pace-apps/spack/packages/linux-rhel9-x86_64_v3/gcc-11.3.1/gcc-12.3.0-ukkkutsxfl5kpnnaxflpkq2jtliwthfz/lib64;/storage/pace-apps/spack/packages/linux-rhel9-x86_64_v3/gcc-11.3.1/gcc-12.3.0-ukkkutsxfl5kpnnaxflpkq2jtliwthfz/lib64;/lib64;/usr/lib64;/usr/local/pace-apps/spack/packages/linux-rhel9-x86_64_v3/gcc-12.3.0/mvapich2-2.3.7-1-qv3gjagtbx5e3rlbdy6iy2sfczryftyt/lib;/opt/slurm/current/lib;/opt/pmix/4.2.6/lib;/usr/local/pace-apps/spack/packages/linux-rhel9-x86_64_v3/gcc-12.3.0/libpciaccess-0.17-pjfe4ct4gfm5k26s36hmewhbz4k232dl/lib;/usr/local/pace-apps/spack/packages/linux-rhel9-x86_64_v3/gcc-11.3.1/gcc-12.3.0-ukkkutsxfl5kpnnaxflpkq2jtliwthfz/lib;/usr/local/pace-apps/spack/packages/linux-rhel9-x86_64_v3/gcc-12.3.0/zlib-1.2.13-3qhjpij2pji47kfanmlflvwk5ljcn5lh/lib;/usr/local/pace-apps/spack/packages/linux-rhel9-x86_64_v3/gcc-12.3.0/mpc-1.3.1-3zvixith5i243hwiill4exyu3lf2q6ad/lib;/usr/local/pace-apps/spack/packages/linux-rhel9-x86_64_v3/gcc-12.3.0/mpfr-4.2.0-tox4bdsc25zr763rnq5gzlukfbvw7uj7/lib;/usr/local/pace-apps/spack/packages/linux-rhel9-x86_64_v3/gcc-12.3.0/gmp-6.2.1-n7dzsse5e3f6w5z6q6cuqursydg6yypo/lib;/storage/pace-apps/spack/packages/linux-rhel9-x86_64_v3/gcc-11.3.1/gcc-12.3.0-ukkkutsxfl5kpnnaxflpkq2jtliwthfz/lib]
  implicit fwks: []


